Archive member included to satisfy reference by file (symbol)

c:/st/stm32cubeide_1.10.1/stm32cubeide/plugins/com.st.stm32cube.ide.mcu.externaltools.gnu-tools-for-stm32.10.3-2021.10.win32_1.0.200.202301161003/tools/bin/../lib/gcc/arm-none-eabi/10.3.1/../../../../arm-none-eabi/lib/thumb/v8-m.main+fp/hard\libc_nano.a(lib_a-errno.o)
                              ./Core/Src/syscalls.o (__errno)
c:/st/stm32cubeide_1.10.1/stm32cubeide/plugins/com.st.stm32cube.ide.mcu.externaltools.gnu-tools-for-stm32.10.3-2021.10.win32_1.0.200.202301161003/tools/bin/../lib/gcc/arm-none-eabi/10.3.1/../../../../arm-none-eabi/lib/thumb/v8-m.main+fp/hard\libc_nano.a(lib_a-exit.o)
                              c:/st/stm32cubeide_1.10.1/stm32cubeide/plugins/com.st.stm32cube.ide.mcu.externaltools.gnu-tools-for-stm32.10.3-2021.10.win32_1.0.200.202301161003/tools/bin/../lib/gcc/arm-none-eabi/10.3.1/../../../../arm-none-eabi/lib/thumb/v8-m.main+fp/hard/crt0.o (exit)
c:/st/stm32cubeide_1.10.1/stm32cubeide/plugins/com.st.stm32cube.ide.mcu.externaltools.gnu-tools-for-stm32.10.3-2021.10.win32_1.0.200.202301161003/tools/bin/../lib/gcc/arm-none-eabi/10.3.1/../../../../arm-none-eabi/lib/thumb/v8-m.main+fp/hard\libc_nano.a(lib_a-impure.o)
                              c:/st/stm32cubeide_1.10.1/stm32cubeide/plugins/com.st.stm32cube.ide.mcu.externaltools.gnu-tools-for-stm32.10.3-2021.10.win32_1.0.200.202301161003/tools/bin/../lib/gcc/arm-none-eabi/10.3.1/../../../../arm-none-eabi/lib/thumb/v8-m.main+fp/hard\libc_nano.a(lib_a-exit.o) (_global_impure_ptr)
c:/st/stm32cubeide_1.10.1/stm32cubeide/plugins/com.st.stm32cube.ide.mcu.externaltools.gnu-tools-for-stm32.10.3-2021.10.win32_1.0.200.202301161003/tools/bin/../lib/gcc/arm-none-eabi/10.3.1/../../../../arm-none-eabi/lib/thumb/v8-m.main+fp/hard\libc_nano.a(lib_a-init.o)
                              c:/st/stm32cubeide_1.10.1/stm32cubeide/plugins/com.st.stm32cube.ide.mcu.externaltools.gnu-tools-for-stm32.10.3-2021.10.win32_1.0.200.202301161003/tools/bin/../lib/gcc/arm-none-eabi/10.3.1/../../../../arm-none-eabi/lib/thumb/v8-m.main+fp/hard/crt0.o (__libc_init_array)
c:/st/stm32cubeide_1.10.1/stm32cubeide/plugins/com.st.stm32cube.ide.mcu.externaltools.gnu-tools-for-stm32.10.3-2021.10.win32_1.0.200.202301161003/tools/bin/../lib/gcc/arm-none-eabi/10.3.1/../../../../arm-none-eabi/lib/thumb/v8-m.main+fp/hard\libc_nano.a(lib_a-memset.o)
                              c:/st/stm32cubeide_1.10.1/stm32cubeide/plugins/com.st.stm32cube.ide.mcu.externaltools.gnu-tools-for-stm32.10.3-2021.10.win32_1.0.200.202301161003/tools/bin/../lib/gcc/arm-none-eabi/10.3.1/../../../../arm-none-eabi/lib/thumb/v8-m.main+fp/hard/crt0.o (memset)
c:/st/stm32cubeide_1.10.1/stm32cubeide/plugins/com.st.stm32cube.ide.mcu.externaltools.gnu-tools-for-stm32.10.3-2021.10.win32_1.0.200.202301161003/tools/bin/../lib/gcc/arm-none-eabi/10.3.1/../../../../arm-none-eabi/lib/thumb/v8-m.main+fp/hard\libc_nano.a(lib_a-puts.o)
                              ./Core/Src/main.o (puts)
c:/st/stm32cubeide_1.10.1/stm32cubeide/plugins/com.st.stm32cube.ide.mcu.externaltools.gnu-tools-for-stm32.10.3-2021.10.win32_1.0.200.202301161003/tools/bin/../lib/gcc/arm-none-eabi/10.3.1/../../../../arm-none-eabi/lib/thumb/v8-m.main+fp/hard\libc_nano.a(lib_a-wbuf.o)
                              c:/st/stm32cubeide_1.10.1/stm32cubeide/plugins/com.st.stm32cube.ide.mcu.externaltools.gnu-tools-for-stm32.10.3-2021.10.win32_1.0.200.202301161003/tools/bin/../lib/gcc/arm-none-eabi/10.3.1/../../../../arm-none-eabi/lib/thumb/v8-m.main+fp/hard\libc_nano.a(lib_a-puts.o) (__swbuf_r)
c:/st/stm32cubeide_1.10.1/stm32cubeide/plugins/com.st.stm32cube.ide.mcu.externaltools.gnu-tools-for-stm32.10.3-2021.10.win32_1.0.200.202301161003/tools/bin/../lib/gcc/arm-none-eabi/10.3.1/../../../../arm-none-eabi/lib/thumb/v8-m.main+fp/hard\libc_nano.a(lib_a-wsetup.o)
                              c:/st/stm32cubeide_1.10.1/stm32cubeide/plugins/com.st.stm32cube.ide.mcu.externaltools.gnu-tools-for-stm32.10.3-2021.10.win32_1.0.200.202301161003/tools/bin/../lib/gcc/arm-none-eabi/10.3.1/../../../../arm-none-eabi/lib/thumb/v8-m.main+fp/hard\libc_nano.a(lib_a-puts.o) (__swsetup_r)
c:/st/stm32cubeide_1.10.1/stm32cubeide/plugins/com.st.stm32cube.ide.mcu.externaltools.gnu-tools-for-stm32.10.3-2021.10.win32_1.0.200.202301161003/tools/bin/../lib/gcc/arm-none-eabi/10.3.1/../../../../arm-none-eabi/lib/thumb/v8-m.main+fp/hard\libc_nano.a(lib_a-fflush.o)
                              c:/st/stm32cubeide_1.10.1/stm32cubeide/plugins/com.st.stm32cube.ide.mcu.externaltools.gnu-tools-for-stm32.10.3-2021.10.win32_1.0.200.202301161003/tools/bin/../lib/gcc/arm-none-eabi/10.3.1/../../../../arm-none-eabi/lib/thumb/v8-m.main+fp/hard\libc_nano.a(lib_a-wbuf.o) (_fflush_r)
c:/st/stm32cubeide_1.10.1/stm32cubeide/plugins/com.st.stm32cube.ide.mcu.externaltools.gnu-tools-for-stm32.10.3-2021.10.win32_1.0.200.202301161003/tools/bin/../lib/gcc/arm-none-eabi/10.3.1/../../../../arm-none-eabi/lib/thumb/v8-m.main+fp/hard\libc_nano.a(lib_a-findfp.o)
[...]
Memory Configuration

Name             Origin             Length             Attributes
RAM              0x0000000020000000 0x00000000000c0000 xrw
SRAM4            0x0000000028000000 0x0000000000004000 xrw
FLASH            0x0000000008000000 0x0000000000008000 xr
*default*        0x0000000000000000 0xffffffffffffffff

Linker script and memory map

LOAD c:/st/stm32cubeide_1.10.1/stm32cubeide/plugins/com.st.stm32cube.ide.mcu.externaltools.gnu-tools-for-stm32.10.3-2021.10.win32_1.0.200.202301161003/tools/bin/../lib/gcc/arm-none-eabi/10.3.1/thumb/v8-m.main+fp/hard/crti.o
LOAD c:/st/stm32cubeide_1.10.1/stm32cubeide/plugins/com.st.stm32cube.ide.mcu.externaltools.gnu-tools-for-stm32.10.3-2021.10.win32_1.0.200.202301161003/tools/bin/../lib/gcc/arm-none-eabi/10.3.1/thumb/v8-m.main+fp/hard/crtbegin.o
LOAD c:/st/stm32cubeide_1.10.1/stm32cubeide/plugins/com.st.stm32cube.ide.mcu.externaltools.gnu-tools-for-stm32.10.3-2021.10.win32_1.0.200.202301161003/tools/bin/../lib/gcc/arm-none-eabi/10.3.1/../../../../arm-none-eabi/lib/thumb/v8-m.main+fp/hard/crt0.o
LOAD ./Core/Src/main.o
LOAD ./Core/Src/stm32u5xx_hal_msp.o
LOAD ./Core/Src/stm32u5xx_it.o
LOAD ./Core/Src/syscalls.o
LOAD ./Core/Src/sysmem.o
LOAD ./Core/Src/system_stm32u5xx.o
LOAD ./Core/Startup/startup_stm32u585aiixq.o
LOAD ./Drivers/STM32U5xx_HAL_Driver/Src/stm32u5xx_hal.o
LOAD ./Drivers/STM32U5xx_HAL_Driver/Src/stm32u5xx_hal_cortex.o
LOAD ./Drivers/STM32U5xx_HAL_Driver/Src/stm32u5xx_hal_dma.o
LOAD ./Drivers/STM32U5xx_HAL_Driver/Src/stm32u5xx_hal_dma_ex.o
LOAD ./Drivers/STM32U5xx_HAL_Driver/Src/stm32u5xx_hal_exti.o
LOAD ./Drivers/STM32U5xx_HAL_Driver/Src/stm32u5xx_hal_flash.o
LOAD ./Drivers/STM32U5xx_HAL_Driver/Src/stm32u5xx_hal_flash_ex.o
LOAD ./Drivers/STM32U5xx_HAL_Driver/Src/stm32u5xx_hal_gpio.o
LOAD ./Drivers/STM32U5xx_HAL_Driver/Src/stm32u5xx_hal_gtzc.o
LOAD ./Drivers/STM32U5xx_HAL_Driver/Src/stm32u5xx_hal_i2c.o
LOAD ./Drivers/STM32U5xx_HAL_Driver/Src/stm32u5xx_hal_i2c_ex.o
LOAD ./Drivers/STM32U5xx_HAL_Driver/Src/stm32u5xx_hal_icache.o
LOAD ./Drivers/STM32U5xx_HAL_Driver/Src/stm32u5xx_hal_pwr.o
LOAD ./Drivers/STM32U5xx_HAL_Driver/Src/stm32u5xx_hal_pwr_ex.o
LOAD ./Drivers/STM32U5xx_HAL_Driver/Src/stm32u5xx_hal_rcc.o
LOAD ./Drivers/STM32U5xx_HAL_Driver/Src/stm32u5xx_hal_rcc_ex.o
LOAD ./Drivers/STM32U5xx_HAL_Driver/Src/stm32u5xx_hal_uart.o
LOAD ./Drivers/STM32U5xx_HAL_Driver/Src/stm32u5xx_hal_uart_ex.o
START GROUP
LOAD c:/st/stm32cubeide_1.10.1/stm32cubeide/plugins/com.st.stm32cube.ide.mcu.externaltools.gnu-tools-for-stm32.10.3-2021.10.win32_1.0.200.202301161003/tools/bin/../lib/gcc/arm-none-eabi/10.3.1/../../../../arm-none-eabi/lib/thumb/v8-m.main+fp/hard\libc_nano.a
LOAD c:/st/stm32cubeide_1.10.1/stm32cubeide/plugins/com.st.stm32cube.ide.mcu.externaltools.gnu-tools-for-stm32.10.3-2021.10.win32_1.0.200.202301161003/tools/bin/../lib/gcc/arm-none-eabi/10.3.1/../../../../arm-none-eabi/lib/thumb/v8-m.main+fp/hard\libm.a
END GROUP
START GROUP
LOAD c:/st/stm32cubeide_1.10.1/stm32cubeide/plugins/com.st.stm32cube.ide.mcu.externaltools.gnu-tools-for-stm32.10.3-2021.10.win32_1.0.200.202301161003/tools/bin/../lib/gcc/arm-none-eabi/10.3.1/thumb/v8-m.main+fp/hard\libgcc.a
LOAD c:/st/stm32cubeide_1.10.1/stm32cubeide/plugins/com.st.stm32cube.ide.mcu.externaltools.gnu-tools-for-stm32.10.3-2021.10.win32_1.0.200.202301161003/tools/bin/../lib/gcc/arm-none-eabi/10.3.1/../../../../arm-none-eabi/lib/thumb/v8-m.main+fp/hard\libc_nano.a
END GROUP
START GROUP
LOAD c:/st/stm32cubeide_1.10.1/stm32cubeide/plugins/com.st.stm32cube.ide.mcu.externaltools.gnu-tools-for-stm32.10.3-2021.10.win32_1.0.200.202301161003/tools/bin/../lib/gcc/arm-none-eabi/10.3.1/thumb/v8-m.main+fp/hard\libgcc.a
LOAD c:/st/stm32cubeide_1.10.1/stm32cubeide/plugins/com.st.stm32cube.ide.mcu.externaltools.gnu-tools-for-stm32.10.3-2021.10.win32_1.0.200.202301161003/tools/bin/../lib/gcc/arm-none-eabi/10.3.1/../../../../arm-none-eabi/lib/thumb/v8-m.main+fp/hard\libc_nano.a
LOAD c:/st/stm32cubeide_1.10.1/stm32cubeide/plugins/com.st.stm32cube.ide.mcu.externaltools.gnu-tools-for-stm32.10.3-2021.10.win32_1.0.200.202301161003/tools/bin/../lib/gcc/arm-none-eabi/10.3.1/../../../../arm-none-eabi/lib/thumb/v8-m.main+fp/hard\libnosys.a
END GROUP
START GROUP
LOAD c:/st/stm32cubeide_1.10.1/stm32cubeide/plugins/com.st.stm32cube.ide.mcu.externaltools.gnu-tools-for-stm32.10.3-2021.10.win32_1.0.200.202301161003/tools/bin/../lib/gcc/arm-none-eabi/10.3.1/thumb/v8-m.main+fp/hard\libgcc.a
LOAD c:/st/stm32cubeide_1.10.1/stm32cubeide/plugins/com.st.stm32cube.ide.mcu.externaltools.gnu-tools-for-stm32.10.3-2021.10.win32_1.0.200.202301161003/tools/bin/../lib/gcc/arm-none-eabi/10.3.1/../../../../arm-none-eabi/lib/thumb/v8-m.main+fp/hard\libc_nano.a
LOAD c:/st/stm32cubeide_1.10.1/stm32cubeide/plugins/com.st.stm32cube.ide.mcu.externaltools.gnu-tools-for-stm32.10.3-2021.10.win32_1.0.200.202301161003/tools/bin/../lib/gcc/arm-none-eabi/10.3.1/../../../../arm-none-eabi/lib/thumb/v8-m.main+fp/hard\libnosys.a
END GROUP
LOAD c:/st/stm32cubeide_1.10.1/stm32cubeide/plugins/com.st.stm32cube.ide.mcu.externaltools.gnu-tools-for-stm32.10.3-2021.10.win32_1.0.200.202301161003/tools/bin/../lib/gcc/arm-none-eabi/10.3.1/thumb/v8-m.main+fp/hard/crtend.o
LOAD c:/st/stm32cubeide_1.10.1/stm32cubeide/plugins/com.st.stm32cube.ide.mcu.externaltools.gnu-tools-for-stm32.10.3-2021.10.win32_1.0.200.202301161003/tools/bin/../lib/gcc/arm-none-eabi/10.3.1/thumb/v8-m.main+fp/hard/crtn.o
                0x00000000200c0000                _estack = (ORIGIN (RAM) + LENGTH (RAM))
                0x0000000000000200                _Min_Heap_Size = 0x200
                0x0000000000000400                _Min_Stack_Size = 0x400

.isr_vector     0x0000000008000000      0x238
 *(.isr_vector)
 .isr_vector    0x0000000008000000      0x238 ./Core/Startup/startup_stm32u585aiixq.o
                0x0000000008000000                g_pfnVectors

.text           0x0000000008000238     0x652c
 *(.text)
 .text          0x0000000008000238       0x40 c:/st/stm32cubeide_1.10.1/stm32cubeide/plugins/com.st.stm32cube.ide.mcu.externaltools.gnu-tools-for-stm32.10.3-2021.10.win32_1.0.200.202301161003/tools/bin/../lib/gcc/arm-none-eabi/10.3.1/thumb/v8-m.main+fp/hard/crtbegin.o
 .text          0x0000000008000278       0x30 c:/st/stm32cubeide_1.10.1/stm32cubeide/plugins/com.st.stm32cube.ide.mcu.externaltools.gnu-tools-for-stm32.10.3-2021.10.win32_1.0.200.202301161003/tools/bin/../lib/gcc/arm-none-eabi/10.3.1/thumb/v8-m.main+fp/hard\libgcc.a(_aeabi_uldivmod.o)
                0x0000000008000278                __aeabi_uldivmod
 .text          0x00000000080002a8      0x2ec c:/st/stm32cubeide_1.10.1/stm32cubeide/plugins/com.st.stm32cube.ide.mcu.externaltools.gnu-tools-for-stm32.10.3-2021.10.win32_1.0.200.202301161003/tools/bin/../lib/gcc/arm-none-eabi/10.3.1/thumb/v8-m.main+fp/hard\libgcc.a(_udivmoddi4.o)
                0x00000000080002a8                __udivmoddi4
 .text          0x0000000008000594        0x4 c:/st/stm32cubeide_1.10.1/stm32cubeide/plugins/com.st.stm32cube.ide.mcu.externaltools.gnu-tools-for-stm32.10.3-2021.10.win32_1.0.200.202301161003/tools/bin/../lib/gcc/arm-none-eabi/10.3.1/thumb/v8-m.main+fp/hard\libgcc.a(_dvmd_tls.o)
                0x0000000008000594                __aeabi_idiv0
                0x0000000008000594                __aeabi_ldiv0
 *(.text*)
 .text._write   0x0000000008000598       0x2c ./Core/Src/main.o
                0x0000000008000598                _write
 .text.go2App   0x00000000080005c4       0x3c ./Core/Src/main.o
                0x00000000080005c4                go2App
 .text.main     0x0000000008000600       0x1a ./Core/Src/main.o
                0x0000000008000600                main
 .text.SystemClock_Config
                0x000000000800061a       0x92 ./Core/Src/main.o
                0x000000000800061a                SystemClock_Config
 .text.MX_UART4_Init
                0x00000000080006ac       0x98 ./Core/Src/main.o
 .text.MX_GPIO_Init
                0x0000000008000744       0x34 ./Core/Src/main.o
 .text.Error_Handler
                0x0000000008000778        0xa ./Core/Src/main.o
                0x0000000008000778                Error_Handler
 .text.HAL_MspInit
                0x0000000008000782        0xe ./Core/Src/stm32u5xx_hal_msp.o
                0x0000000008000782                HAL_MspInit
 .text.HAL_UART_MspInit
                0x0000000008000790       0xd0 ./Core/Src/stm32u5xx_hal_msp.o
                0x0000000008000790                HAL_UART_MspInit
 .text.NMI_Handler
                0x0000000008000860        0x6 ./Core/Src/stm32u5xx_it.o
                0x0000000008000860                NMI_Handler
 .text.HardFault_Handler
                0x0000000008000866        0x6 ./Core/Src/stm32u5xx_it.o
                0x0000000008000866                HardFault_Handler
 .text.MemManage_Handler
                0x000000000800086c        0x6 ./Core/Src/stm32u5xx_it.o
                0x000000000800086c                MemManage_Handler
 .text.BusFault_Handler
                0x0000000008000872        0x6 ./Core/Src/stm32u5xx_it.o
                0x0000000008000872                BusFault_Handler
 .text.UsageFault_Handler
                0x0000000008000878        0x6 ./Core/Src/stm32u5xx_it.o
                0x0000000008000878                UsageFault_Handler
 .text.SVC_Handler
                0x000000000800087e        0xe ./Core/Src/stm32u5xx_it.o
                0x000000000800087e                SVC_Handler
 .text.DebugMon_Handler
                0x000000000800088c        0xe ./Core/Src/stm32u5xx_it.o
                0x000000000800088c                DebugMon_Handler
 .text.PendSV_Handler
                0x000000000800089a        0xe ./Core/Src/stm32u5xx_it.o
                0x000000000800089a                PendSV_Handler
 .text.SysTick_Handler
                0x00000000080008a8        0xc ./Core/Src/stm32u5xx_it.o
                0x00000000080008a8                SysTick_Handler
 .text._read    0x00000000080008b4       0x3a ./Core/Src/syscalls.o
                0x00000000080008b4                _read
 .text._close   0x00000000080008ee       0x18 ./Core/Src/syscalls.o
                0x00000000080008ee                _close
 .text._fstat   0x0000000008000906       0x20 ./Core/Src/syscalls.o
                0x0000000008000906                _fstat
 .text._isatty  0x0000000008000926       0x16 ./Core/Src/syscalls.o
                0x0000000008000926                _isatty
 .text._lseek   0x000000000800093c       0x1a ./Core/Src/syscalls.o
                0x000000000800093c                _lseek
 *fill*         0x0000000008000956        0x2 
 .text._sbrk    0x0000000008000958       0x6c ./Core/Src/sysmem.o
                0x0000000008000958                _sbrk
 .text.SystemInit
                0x00000000080009c4       0x70 ./Core/Src/system_stm32u5xx.o
                0x00000000080009c4                SystemInit
 .text.Reset_Handler
                0x0000000008000a34       0x50 ./Core/Startup/startup_stm32u585aiixq.o
                0x0000000008000a34                Reset_Handler
 .text.Default_Handler
                0x0000000008000a84        0x2 ./Core/Startup/startup_stm32u585aiixq.o
                0x0000000008000a84                EXTI2_IRQHandler
                0x0000000008000a84                TIM8_TRG_COM_IRQHandler
                0x0000000008000a84                TIM8_CC_IRQHandler
                0x0000000008000a84                EXTI5_IRQHandler
                0x0000000008000a84                FLASH_S_IRQHandler
                0x0000000008000a84                EXTI13_IRQHandler
                0x0000000008000a84                TIM1_CC_IRQHandler
                0x0000000008000a84                TSC_IRQHandler
                0x0000000008000a84                TAMP_IRQHandler
                0x0000000008000a84                TIM6_IRQHandler
                0x0000000008000a84                EXTI12_IRQHandler
                0x0000000008000a84                CORDIC_IRQHandler
                0x0000000008000a84                EXTI3_IRQHandler
                0x0000000008000a84                LPTIM4_IRQHandler
                0x0000000008000a84                GPDMA1_Channel5_IRQHandler
                0x0000000008000a84                EXTI8_IRQHandler
                0x0000000008000a84                LPTIM2_IRQHandler
                0x0000000008000a84                I2C3_ER_IRQHandler
                0x0000000008000a84                PWR_S3WU_IRQHandler
                0x0000000008000a84                MDF1_FLT2_IRQHandler
                0x0000000008000a84                LPDMA1_Channel3_IRQHandler
                0x0000000008000a84                LPTIM3_IRQHandler
                0x0000000008000a84                EXTI0_IRQHandler
                0x0000000008000a84                I2C2_EV_IRQHandler
                0x0000000008000a84                FPU_IRQHandler
                0x0000000008000a84                GPDMA1_Channel3_IRQHandler
                0x0000000008000a84                GPDMA1_Channel7_IRQHandler
                0x0000000008000a84                MDF1_FLT4_IRQHandler
                0x0000000008000a84                FDCAN1_IT1_IRQHandler
                0x0000000008000a84                RAMCFG_IRQHandler
                0x0000000008000a84                GPDMA1_Channel9_IRQHandler
                0x0000000008000a84                DCACHE1_IRQHandler
                0x0000000008000a84                SPI1_IRQHandler
                0x0000000008000a84                OCTOSPI1_IRQHandler
                0x0000000008000a84                GPDMA1_Channel2_IRQHandler
                0x0000000008000a84                TIM8_UP_IRQHandler
                0x0000000008000a84                RCC_S_IRQHandler
                0x0000000008000a84                OCTOSPI2_IRQHandler
                0x0000000008000a84                SAI2_IRQHandler
                0x0000000008000a84                MDF1_FLT1_IRQHandler
                0x0000000008000a84                ADC1_IRQHandler
                0x0000000008000a84                PKA_IRQHandler
                0x0000000008000a84                MDF1_FLT5_IRQHandler
                0x0000000008000a84                EXTI15_IRQHandler
                0x0000000008000a84                TIM17_IRQHandler
                0x0000000008000a84                USART3_IRQHandler
                0x0000000008000a84                RTC_IRQHandler
                0x0000000008000a84                EXTI9_IRQHandler
                0x0000000008000a84                UART5_IRQHandler
                0x0000000008000a84                TIM4_IRQHandler
                0x0000000008000a84                I2C1_EV_IRQHandler
                0x0000000008000a84                GPDMA1_Channel12_IRQHandler
                0x0000000008000a84                GPDMA1_Channel1_IRQHandler
                0x0000000008000a84                TIM16_IRQHandler
                0x0000000008000a84                GPDMA1_Channel15_IRQHandler
                0x0000000008000a84                UART4_IRQHandler
                0x0000000008000a84                SecureFault_Handler
                0x0000000008000a84                TIM3_IRQHandler
                0x0000000008000a84                RCC_IRQHandler
                0x0000000008000a84                TIM1_TRG_COM_IRQHandler
                0x0000000008000a84                Default_Handler
                0x0000000008000a84                GPDMA1_Channel8_IRQHandler
                0x0000000008000a84                FMAC_IRQHandler
                0x0000000008000a84                OTFDEC1_IRQHandler
                0x0000000008000a84                GPDMA1_Channel11_IRQHandler
                0x0000000008000a84                TIM7_IRQHandler
                0x0000000008000a84                SDMMC1_IRQHandler
                0x0000000008000a84                SAES_IRQHandler
                0x0000000008000a84                TIM5_IRQHandler
                0x0000000008000a84                UCPD1_IRQHandler
                0x0000000008000a84                GPDMA1_Channel0_IRQHandler
                0x0000000008000a84                TIM15_IRQHandler
                0x0000000008000a84                I2C3_EV_IRQHandler
                0x0000000008000a84                LPDMA1_Channel0_IRQHandler
                0x0000000008000a84                PVD_PVM_IRQHandler
                0x0000000008000a84                SPI2_IRQHandler
                0x0000000008000a84                LPDMA1_Channel1_IRQHandler
                0x0000000008000a84                EXTI14_IRQHandler
                0x0000000008000a84                EXTI11_IRQHandler
                0x0000000008000a84                OTFDEC2_IRQHandler
                0x0000000008000a84                CRS_IRQHandler
                0x0000000008000a84                GPDMA1_Channel14_IRQHandler
                0x0000000008000a84                LSECSSD_IRQHandler
                0x0000000008000a84                EXTI4_IRQHandler
                0x0000000008000a84                RTC_S_IRQHandler
                0x0000000008000a84                GPDMA1_Channel13_IRQHandler
                0x0000000008000a84                RNG_IRQHandler
                0x0000000008000a84                COMP_IRQHandler
                0x0000000008000a84                TIM1_UP_IRQHandler
                0x0000000008000a84                ADC4_IRQHandler
                0x0000000008000a84                WWDG_IRQHandler
                0x0000000008000a84                I2C4_EV_IRQHandler
                0x0000000008000a84                ADF1_IRQHandler
                0x0000000008000a84                IWDG_IRQHandler
                0x0000000008000a84                LPUART1_IRQHandler
                0x0000000008000a84                MDF1_FLT0_IRQHandler
                0x0000000008000a84                FDCAN1_IT0_IRQHandler
                0x0000000008000a84                TIM2_IRQHandler
                0x0000000008000a84                GPDMA1_Channel4_IRQHandler
                0x0000000008000a84                EXTI7_IRQHandler
                0x0000000008000a84                DMA2D_IRQHandler
                0x0000000008000a84                TIM1_BRK_IRQHandler
                0x0000000008000a84                EXTI1_IRQHandler
                0x0000000008000a84                SDMMC2_IRQHandler
                0x0000000008000a84                AES_IRQHandler
                0x0000000008000a84                DAC1_IRQHandler
                0x0000000008000a84                GTZC_IRQHandler
                0x0000000008000a84                MDF1_FLT3_IRQHandler
                0x0000000008000a84                USART2_IRQHandler
                0x0000000008000a84                GPDMA1_Channel6_IRQHandler
                0x0000000008000a84                I2C2_ER_IRQHandler
                0x0000000008000a84                TIM8_BRK_IRQHandler
                0x0000000008000a84                FLASH_IRQHandler
                0x0000000008000a84                USART1_IRQHandler
                0x0000000008000a84                EXTI10_IRQHandler
                0x0000000008000a84                OTG_FS_IRQHandler
                0x0000000008000a84                SPI3_IRQHandler
                0x0000000008000a84                LPDMA1_Channel2_IRQHandler
                0x0000000008000a84                I2C1_ER_IRQHandler
                0x0000000008000a84                FMC_IRQHandler
                0x0000000008000a84                EXTI6_IRQHandler
                0x0000000008000a84                LPTIM1_IRQHandler
                0x0000000008000a84                DCMI_PSSI_IRQHandler
                0x0000000008000a84                I2C4_ER_IRQHandler
                0x0000000008000a84                GPDMA1_Channel10_IRQHandler
                0x0000000008000a84                ICACHE_IRQHandler
                0x0000000008000a84                SAI1_IRQHandler
                0x0000000008000a84                HASH_IRQHandler
 *fill*         0x0000000008000a86        0x2 
 .text.HAL_Init
                0x0000000008000a88       0x5c ./Drivers/STM32U5xx_HAL_Driver/Src/stm32u5xx_hal.o
                0x0000000008000a88                HAL_Init
 .text.HAL_InitTick
                0x0000000008000ae4       0x6c ./Drivers/STM32U5xx_HAL_Driver/Src/stm32u5xx_hal.o
                0x0000000008000ae4                HAL_InitTick
 .text.HAL_IncTick
                0x0000000008000b50       0x28 ./Drivers/STM32U5xx_HAL_Driver/Src/stm32u5xx_hal.o
                0x0000000008000b50                HAL_IncTick
 .text.HAL_GetTick
                0x0000000008000b78       0x18 ./Drivers/STM32U5xx_HAL_Driver/Src/stm32u5xx_hal.o
                0x0000000008000b78                HAL_GetTick
 .text.__NVIC_SetPriorityGrouping
                0x0000000008000b90       0x48 ./Drivers/STM32U5xx_HAL_Driver/Src/stm32u5xx_hal_cortex.o
 .text.__NVIC_GetPriorityGrouping
                0x0000000008000bd8       0x1c ./Drivers/STM32U5xx_HAL_Driver/Src/stm32u5xx_hal_cortex.o
 .text.__NVIC_SetPriority
                0x0000000008000bf4       0x54 ./Drivers/STM32U5xx_HAL_Driver/Src/stm32u5xx_hal_cortex.o
 .text.NVIC_EncodePriority
                0x0000000008000c48       0x66 ./Drivers/STM32U5xx_HAL_Driver/Src/stm32u5xx_hal_cortex.o
 *fill*         0x0000000008000cae        0x2 
 .text.SysTick_Config
                0x0000000008000cb0       0x44 ./Drivers/STM32U5xx_HAL_Driver/Src/stm32u5xx_hal_cortex.o
 .text.HAL_NVIC_SetPriorityGrouping
                0x0000000008000cf4       0x16 ./Drivers/STM32U5xx_HAL_Driver/Src/stm32u5xx_hal_cortex.o
                0x0000000008000cf4                HAL_NVIC_SetPriorityGrouping
 .text.HAL_NVIC_SetPriority
                0x0000000008000d0a       0x34 ./Drivers/STM32U5xx_HAL_Driver/Src/stm32u5xx_hal_cortex.o
                0x0000000008000d0a                HAL_NVIC_SetPriority
 .text.HAL_SYSTICK_Config
                0x0000000008000d3e       0x18 ./Drivers/STM32U5xx_HAL_Driver/Src/stm32u5xx_hal_cortex.o
                0x0000000008000d3e                HAL_SYSTICK_Config
 *fill*         0x0000000008000d56        0x2 
 .text.HAL_GPIO_Init
                0x0000000008000d58      0x3b0 ./Drivers/STM32U5xx_HAL_Driver/Src/stm32u5xx_hal_gpio.o
                0x0000000008000d58                HAL_GPIO_Init
 .text.HAL_PWREx_ControlVoltageScaling
                0x0000000008001108       0xfc ./Drivers/STM32U5xx_HAL_Driver/Src/stm32u5xx_hal_pwr_ex.o
                0x0000000008001108                HAL_PWREx_ControlVoltageScaling
 .text.HAL_PWREx_GetVoltageRange
                0x0000000008001204       0x1c ./Drivers/STM32U5xx_HAL_Driver/Src/stm32u5xx_hal_pwr_ex.o
                0x0000000008001204                HAL_PWREx_GetVoltageRange
 .text.HAL_RCC_OscConfig
                0x0000000008001220      0xdb8 ./Drivers/STM32U5xx_HAL_Driver/Src/stm32u5xx_hal_rcc.o
                0x0000000008001220                HAL_RCC_OscConfig
 .text.HAL_RCC_ClockConfig
                0x0000000008001fd8      0x3e4 ./Drivers/STM32U5xx_HAL_Driver/Src/stm32u5xx_hal_rcc.o
                0x0000000008001fd8                HAL_RCC_ClockConfig
 .text.HAL_RCC_GetSysClockFreq
                0x00000000080023bc      0x210 ./Drivers/STM32U5xx_HAL_Driver/Src/stm32u5xx_hal_rcc.o
                0x00000000080023bc                HAL_RCC_GetSysClockFreq
 .text.HAL_RCC_GetHCLKFreq
                0x00000000080025cc       0x34 ./Drivers/STM32U5xx_HAL_Driver/Src/stm32u5xx_hal_rcc.o
                0x00000000080025cc                HAL_RCC_GetHCLKFreq
 .text.HAL_RCC_GetPCLK1Freq
                0x0000000008002600       0x28 ./Drivers/STM32U5xx_HAL_Driver/Src/stm32u5xx_hal_rcc.o
                0x0000000008002600                HAL_RCC_GetPCLK1Freq
 .text.HAL_RCC_GetPCLK2Freq
                0x0000000008002628       0x28 ./Drivers/STM32U5xx_HAL_Driver/Src/stm32u5xx_hal_rcc.o
                0x0000000008002628                HAL_RCC_GetPCLK2Freq
 .text.HAL_RCC_GetPCLK3Freq
                0x0000000008002650       0x28 ./Drivers/STM32U5xx_HAL_Driver/Src/stm32u5xx_hal_rcc.o
                0x0000000008002650                HAL_RCC_GetPCLK3Freq
 .text.RCC_SetFlashLatencyFromMSIRange
                0x0000000008002678      0x10c ./Drivers/STM32U5xx_HAL_Driver/Src/stm32u5xx_hal_rcc.o
 .text.HAL_RCCEx_PeriphCLKConfig
                0x0000000008002784      0xb80 ./Drivers/STM32U5xx_HAL_Driver/Src/stm32u5xx_hal_rcc_ex.o
                0x0000000008002784                HAL_RCCEx_PeriphCLKConfig
 .text.HAL_RCCEx_GetPLL1ClockFreq
                0x0000000008003304      0x2d0 ./Drivers/STM32U5xx_HAL_Driver/Src/stm32u5xx_hal_rcc_ex.o
                0x0000000008003304                HAL_RCCEx_GetPLL1ClockFreq
 .text.HAL_RCCEx_GetPLL2ClockFreq
                0x00000000080035d4      0x2d0 ./Drivers/STM32U5xx_HAL_Driver/Src/stm32u5xx_hal_rcc_ex.o
                0x00000000080035d4                HAL_RCCEx_GetPLL2ClockFreq
 .text.HAL_RCCEx_GetPLL3ClockFreq
                0x00000000080038a4      0x2d0 ./Drivers/STM32U5xx_HAL_Driver/Src/stm32u5xx_hal_rcc_ex.o
                0x00000000080038a4                HAL_RCCEx_GetPLL3ClockFreq
 .text.HAL_RCCEx_GetPeriphCLKFreq
                0x0000000008003b74     0x13c4 ./Drivers/STM32U5xx_HAL_Driver/Src/stm32u5xx_hal_rcc_ex.o
                0x0000000008003b74                HAL_RCCEx_GetPeriphCLKFreq
 .text.RCCEx_PLL2_Config
                0x0000000008004f38      0x130 ./Drivers/STM32U5xx_HAL_Driver/Src/stm32u5xx_hal_rcc_ex.o
 .text.RCCEx_PLL3_Config
                0x0000000008005068      0x130 ./Drivers/STM32U5xx_HAL_Driver/Src/stm32u5xx_hal_rcc_ex.o
 .text.HAL_UART_Init
                0x0000000008005198       0xa0 ./Drivers/STM32U5xx_HAL_Driver/Src/stm32u5xx_hal_uart.o
                0x0000000008005198                HAL_UART_Init
 .text.HAL_UART_Transmit
                0x0000000008005238      0x13c ./Drivers/STM32U5xx_HAL_Driver/Src/stm32u5xx_hal_uart.o
                0x0000000008005238                HAL_UART_Transmit
 .text.UART_SetConfig
                0x0000000008005374      0x344 ./Drivers/STM32U5xx_HAL_Driver/Src/stm32u5xx_hal_uart.o
                0x0000000008005374                UART_SetConfig
 .text.UART_AdvFeatureConfig
                0x00000000080056b8      0x144 ./Drivers/STM32U5xx_HAL_Driver/Src/stm32u5xx_hal_uart.o
                0x00000000080056b8                UART_AdvFeatureConfig
 .text.UART_CheckIdleState
                0x00000000080057fc      0x154 ./Drivers/STM32U5xx_HAL_Driver/Src/stm32u5xx_hal_uart.o
                0x00000000080057fc                UART_CheckIdleState
 .text.UART_WaitOnFlagUntilTimeout
                0x0000000008005950       0xce ./Drivers/STM32U5xx_HAL_Driver/Src/stm32u5xx_hal_uart.o
                0x0000000008005950                UART_WaitOnFlagUntilTimeout
 .text.UART_EndRxTransfer
                0x0000000008005a1e       0xcc ./Drivers/STM32U5xx_HAL_Driver/Src/stm32u5xx_hal_uart.o
 .text.HAL_UARTEx_DisableFifoMode
                0x0000000008005aea       0x72 ./Drivers/STM32U5xx_HAL_Driver/Src/stm32u5xx_hal_uart_ex.o
                0x0000000008005aea                HAL_UARTEx_DisableFifoMode
 .text.HAL_UARTEx_SetTxFifoThreshold
                0x0000000008005b5c       0x7c ./Drivers/STM32U5xx_HAL_Driver/Src/stm32u5xx_hal_uart_ex.o
                0x0000000008005b5c                HAL_UARTEx_SetTxFifoThreshold
 .text.HAL_UARTEx_SetRxFifoThreshold
                0x0000000008005bd8       0x7c ./Drivers/STM32U5xx_HAL_Driver/Src/stm32u5xx_hal_uart_ex.o
                0x0000000008005bd8                HAL_UARTEx_SetRxFifoThreshold
 .text.UARTEx_SetNbDataToProcess
                0x0000000008005c54       0x9c ./Drivers/STM32U5xx_HAL_Driver/Src/stm32u5xx_hal_uart_ex.o
 .text.__errno  0x0000000008005cf0        0xc c:/st/stm32cubeide_1.10.1/stm32cubeide/plugins/com.st.stm32cube.ide.mcu.externaltools.gnu-tools-for-stm32.10.3-2021.10.win32_1.0.200.202301161003/tools/bin/../lib/gcc/arm-none-eabi/10.3.1/../../../../arm-none-eabi/lib/thumb/v8-m.main+fp/hard\libc_nano.a(lib_a-errno.o)
                0x0000000008005cf0                __errno
 .text.__libc_init_array
                0x0000000008005cfc       0x48 c:/st/stm32cubeide_1.10.1/stm32cubeide/plugins/com.st.stm32cube.ide.mcu.externaltools.gnu-tools-for-stm32.10.3-2021.10.win32_1.0.200.202301161003/tools/bin/../lib/gcc/arm-none-eabi/10.3.1/../../../../arm-none-eabi/lib/thumb/v8-m.main+fp/hard\libc_nano.a(lib_a-init.o)
                0x0000000008005cfc                __libc_init_array
 .text.memset   0x0000000008005d44       0x10 c:/st/stm32cubeide_1.10.1/stm32cubeide/plugins/com.st.stm32cube.ide.mcu.externaltools.gnu-tools-for-stm32.10.3-2021.10.win32_1.0.200.202301161003/tools/bin/../lib/gcc/arm-none-eabi/10.3.1/../../../../arm-none-eabi/lib/thumb/v8-m.main+fp/hard\libc_nano.a(lib_a-memset.o)
                0x0000000008005d44                memset
 .text._puts_r  0x0000000008005d54       0xdc c:/st/stm32cubeide_1.10.1/stm32cubeide/plugins/com.st.stm32cube.ide.mcu.externaltools.gnu-tools-for-stm32.10.3-2021.10.win32_1.0.200.202301161003/tools/bin/../lib/gcc/arm-none-eabi/10.3.1/../../../../arm-none-eabi/lib/thumb/v8-m.main+fp/hard\libc_nano.a(lib_a-puts.o)
                0x0000000008005d54                _puts_r
 .text.puts     0x0000000008005e30       0x10 c:/st/stm32cubeide_1.10.1/stm32cubeide/plugins/com.st.stm32cube.ide.mcu.externaltools.gnu-tools-for-stm32.10.3-2021.10.win32_1.0.200.202301161003/tools/bin/../lib/gcc/arm-none-eabi/10.3.1/../../../../arm-none-eabi/lib/thumb/v8-m.main+fp/hard\libc_nano.a(lib_a-puts.o)
                0x0000000008005e30                puts
 .text.__swbuf_r
                0x0000000008005e40       0xa4 c:/st/stm32cubeide_1.10.1/stm32cubeide/plugins/com.st.stm32cube.ide.mcu.externaltools.gnu-tools-for-stm32.10.3-2021.10.win32_1.0.200.202301161003/tools/bin/../lib/gcc/arm-none-eabi/10.3.1/../../../../arm-none-eabi/lib/thumb/v8-m.main+fp/hard\libc_nano.a(lib_a-wbuf.o)
                0x0000000008005e40                __swbuf_r
 .text.__swsetup_r
                0x0000000008005ee4       0xdc c:/st/stm32cubeide_1.10.1/stm32cubeide/plugins/com.st.stm32cube.ide.mcu.externaltools.gnu-tools-for-stm32.10.3-2021.10.win32_1.0.200.202301161003/tools/bin/../lib/gcc/arm-none-eabi/10.3.1/../../../../arm-none-eabi/lib/thumb/v8-m.main+fp/hard\libc_nano.a(lib_a-wsetup.o)
                0x0000000008005ee4                __swsetup_r
 .text.__sflush_r
                0x0000000008005fc0      0x108 c:/st/stm32cubeide_1.10.1/stm32cubeide/plugins/com.st.stm32cube.ide.mcu.externaltools.gnu-tools-for-stm32.10.3-2021.10.win32_1.0.200.202301161003/tools/bin/../lib/gcc/arm-none-eabi/10.3.1/../../../../arm-none-eabi/lib/thumb/v8-m.main+fp/hard\libc_nano.a(lib_a-fflush.o)
                0x0000000008005fc0                __sflush_r
 .text._fflush_r
                0x00000000080060c8       0x78 c:/st/stm32cubeide_1.10.1/stm32cubeide/plugins/com.st.stm32cube.ide.mcu.externaltools.gnu-tools-for-stm32.10.3-2021.10.win32_1.0.200.202301161003/tools/bin/../lib/gcc/arm-none-eabi/10.3.1/../../../../arm-none-eabi/lib/thumb/v8-m.main+fp/hard\libc_nano.a(lib_a-fflush.o)
                0x00000000080060c8                _fflush_r
 .text.std      0x0000000008006140       0x48 c:/st/stm32cubeide_1.10.1/stm32cubeide/plugins/com.st.stm32cube.ide.mcu.externaltools.gnu-tools-for-stm32.10.3-2021.10.win32_1.0.200.202301161003/tools/bin/../lib/gcc/arm-none-eabi/10.3.1/../../../../arm-none-eabi/lib/thumb/v8-m.main+fp/hard\libc_nano.a(lib_a-findfp.o)
 .text._cleanup_r
                0x0000000008006188        0xc c:/st/stm32cubeide_1.10.1/stm32cubeide/plugins/com.st.stm32cube.ide.mcu.externaltools.gnu-tools-for-stm32.10.3-2021.10.win32_1.0.200.202301161003/tools/bin/../lib/gcc/arm-none-eabi/10.3.1/../../../../arm-none-eabi/lib/thumb/v8-m.main+fp/hard\libc_nano.a(lib_a-findfp.o)
                0x0000000008006188                _cleanup_r
 .text.__sfmoreglue
                0x0000000008006194       0x2c c:/st/stm32cubeide_1.10.1/stm32cubeide/plugins/com.st.stm32cube.ide.mcu.externaltools.gnu-tools-for-stm32.10.3-2021.10.win32_1.0.200.202301161003/tools/bin/../lib/gcc/arm-none-eabi/10.3.1/../../../../arm-none-eabi/lib/thumb/v8-m.main+fp/hard\libc_nano.a(lib_a-findfp.o)
                0x0000000008006194                __sfmoreglue
 .text.__sfp_lock_acquire
                0x00000000080061c0        0xc c:/st/stm32cubeide_1.10.1/stm32cubeide/plugins/com.st.stm32cube.ide.mcu.externaltools.gnu-tools-for-stm32.10.3-2021.10.win32_1.0.200.202301161003/tools/bin/../lib/gcc/arm-none-eabi/10.3.1/../../../../arm-none-eabi/lib/thumb/v8-m.main+fp/hard\libc_nano.a(lib_a-findfp.o)
                0x00000000080061c0                __sfp_lock_acquire
 .text.__sfp_lock_release
                0x00000000080061cc        0xc c:/st/stm32cubeide_1.10.1/stm32cubeide/plugins/com.st.stm32cube.ide.mcu.externaltools.gnu-tools-for-stm32.10.3-2021.10.win32_1.0.200.202301161003/tools/bin/../lib/gcc/arm-none-eabi/10.3.1/../../../../arm-none-eabi/lib/thumb/v8-m.main+fp/hard\libc_nano.a(lib_a-findfp.o)
                0x00000000080061cc                __sfp_lock_release
 .text.__sinit_lock_acquire
                0x00000000080061d8        0xc c:/st/stm32cubeide_1.10.1/stm32cubeide/plugins/com.st.stm32cube.ide.mcu.externaltools.gnu-tools-for-stm32.10.3-2021.10.win32_1.0.200.202301161003/tools/bin/../lib/gcc/arm-none-eabi/10.3.1/../../../../arm-none-eabi/lib/thumb/v8-m.main+fp/hard\libc_nano.a(lib_a-findfp.o)
                0x00000000080061d8                __sinit_lock_acquire
 .text.__sinit_lock_release
                0x00000000080061e4        0xc c:/st/stm32cubeide_1.10.1/stm32cubeide/plugins/com.st.stm32cube.ide.mcu.externaltools.gnu-tools-for-stm32.10.3-2021.10.win32_1.0.200.202301161003/tools/bin/../lib/gcc/arm-none-eabi/10.3.1/../../../../arm-none-eabi/lib/thumb/v8-m.main+fp/hard\libc_nano.a(lib_a-findfp.o)
                0x00000000080061e4                __sinit_lock_release
 .text.__sinit  0x00000000080061f0       0x70 c:/st/stm32cubeide_1.10.1/stm32cubeide/plugins/com.st.stm32cube.ide.mcu.externaltools.gnu-tools-for-stm32.10.3-2021.10.win32_1.0.200.202301161003/tools/bin/../lib/gcc/arm-none-eabi/10.3.1/../../../../arm-none-eabi/lib/thumb/v8-m.main+fp/hard\libc_nano.a(lib_a-findfp.o)
                0x00000000080061f0                __sinit
 .text.__sfp    0x0000000008006260       0x8c c:/st/stm32cubeide_1.10.1/stm32cubeide/plugins/com.st.stm32cube.ide.mcu.externaltools.gnu-tools-for-stm32.10.3-2021.10.win32_1.0.200.202301161003/tools/bin/../lib/gcc/arm-none-eabi/10.3.1/../../../../arm-none-eabi/lib/thumb/v8-m.main+fp/hard\libc_nano.a(lib_a-findfp.o)
                0x0000000008006260                __sfp
 .text._fwalk_reent
                0x00000000080062ec       0x3e c:/st/stm32cubeide_1.10.1/stm32cubeide/plugins/com.st.stm32cube.ide.mcu.externaltools.gnu-tools-for-stm32.10.3-2021.10.win32_1.0.200.202301161003/tools/bin/../lib/gcc/arm-none-eabi/10.3.1/../../../../arm-none-eabi/lib/thumb/v8-m.main+fp/hard\libc_nano.a(lib_a-fwalk.o)
                0x00000000080062ec                _fwalk_reent
 .text.__retarget_lock_init_recursive
                0x000000000800632a        0x2 c:/st/stm32cubeide_1.10.1/stm32cubeide/plugins/com.st.stm32cube.ide.mcu.externaltools.gnu-tools-for-stm32.10.3-2021.10.win32_1.0.200.202301161003/tools/bin/../lib/gcc/arm-none-eabi/10.3.1/../../../../arm-none-eabi/lib/thumb/v8-m.main+fp/hard\libc_nano.a(lib_a-lock.o)
                0x000000000800632a                __retarget_lock_init_recursive
 .text.__retarget_lock_acquire_recursive
                0x000000000800632c        0x2 c:/st/stm32cubeide_1.10.1/stm32cubeide/plugins/com.st.stm32cube.ide.mcu.externaltools.gnu-tools-for-stm32.10.3-2021.10.win32_1.0.200.202301161003/tools/bin/../lib/gcc/arm-none-eabi/10.3.1/../../../../arm-none-eabi/lib/thumb/v8-m.main+fp/hard\libc_nano.a(lib_a-lock.o)
                0x000000000800632c                __retarget_lock_acquire_recursive
 .text.__retarget_lock_release_recursive
                0x000000000800632e        0x2 c:/st/stm32cubeide_1.10.1/stm32cubeide/plugins/com.st.stm32cube.ide.mcu.externaltools.gnu-tools-for-stm32.10.3-2021.10.win32_1.0.200.202301161003/tools/bin/../lib/gcc/arm-none-eabi/10.3.1/../../../../arm-none-eabi/lib/thumb/v8-m.main+fp/hard\libc_nano.a(lib_a-lock.o)
                0x000000000800632e                __retarget_lock_release_recursive
 .text.__swhatbuf_r
                0x0000000008006330       0x4a c:/st/stm32cubeide_1.10.1/stm32cubeide/plugins/com.st.stm32cube.ide.mcu.externaltools.gnu-tools-for-stm32.10.3-2021.10.win32_1.0.200.202301161003/tools/bin/../lib/gcc/arm-none-eabi/10.3.1/../../../../arm-none-eabi/lib/thumb/v8-m.main+fp/hard\libc_nano.a(lib_a-makebuf.o)
                0x0000000008006330                __swhatbuf_r
 *fill*         0x000000000800637a        0x2 
 .text.__smakebuf_r
                0x000000000800637c       0x80 c:/st/stm32cubeide_1.10.1/stm32cubeide/plugins/com.st.stm32cube.ide.mcu.externaltools.gnu-tools-for-stm32.10.3-2021.10.win32_1.0.200.202301161003/tools/bin/../lib/gcc/arm-none-eabi/10.3.1/../../../../arm-none-eabi/lib/thumb/v8-m.main+fp/hard\libc_nano.a(lib_a-makebuf.o)
                0x000000000800637c                __smakebuf_r
 .text._free_r  0x00000000080063fc       0x98 c:/st/stm32cubeide_1.10.1/stm32cubeide/plugins/com.st.stm32cube.ide.mcu.externaltools.gnu-tools-for-stm32.10.3-2021.10.win32_1.0.200.202301161003/tools/bin/../lib/gcc/arm-none-eabi/10.3.1/../../../../arm-none-eabi/lib/thumb/v8-m.main+fp/hard\libc_nano.a(lib_a-nano-freer.o)
                0x00000000080063fc                _free_r
 .text.sbrk_aligned
                0x0000000008006494       0x40 c:/st/stm32cubeide_1.10.1/stm32cubeide/plugins/com.st.stm32cube.ide.mcu.externaltools.gnu-tools-for-stm32.10.3-2021.10.win32_1.0.200.202301161003/tools/bin/../lib/gcc/arm-none-eabi/10.3.1/../../../../arm-none-eabi/lib/thumb/v8-m.main+fp/hard\libc_nano.a(lib_a-nano-mallocr.o)
 .text._malloc_r
                0x00000000080064d4       0xe8 c:/st/stm32cubeide_1.10.1/stm32cubeide/plugins/com.st.stm32cube.ide.mcu.externaltools.gnu-tools-for-stm32.10.3-2021.10.win32_1.0.200.202301161003/tools/bin/../lib/gcc/arm-none-eabi/10.3.1/../../../../arm-none-eabi/lib/thumb/v8-m.main+fp/hard\libc_nano.a(lib_a-nano-mallocr.o)
                0x00000000080064d4                _malloc_r
 .text._sbrk_r  0x00000000080065bc       0x20 c:/st/stm32cubeide_1.10.1/stm32cubeide/plugins/com.st.stm32cube.ide.mcu.externaltools.gnu-tools-for-stm32.10.3-2021.10.win32_1.0.200.202301161003/tools/bin/../lib/gcc/arm-none-eabi/10.3.1/../../../../arm-none-eabi/lib/thumb/v8-m.main+fp/hard\libc_nano.a(lib_a-sbrkr.o)
                0x00000000080065bc                _sbrk_r
 .text.__sread  0x00000000080065dc       0x22 c:/st/stm32cubeide_1.10.1/stm32cubeide/plugins/com.st.stm32cube.ide.mcu.externaltools.gnu-tools-for-stm32.10.3-2021.10.win32_1.0.200.202301161003/tools/bin/../lib/gcc/arm-none-eabi/10.3.1/../../../../arm-none-eabi/lib/thumb/v8-m.main+fp/hard\libc_nano.a(lib_a-stdio.o)
                0x00000000080065dc                __sread
 .text.__swrite
                0x00000000080065fe       0x38 c:/st/stm32cubeide_1.10.1/stm32cubeide/plugins/com.st.stm32cube.ide.mcu.externaltools.gnu-tools-for-stm32.10.3-2021.10.win32_1.0.200.202301161003/tools/bin/../lib/gcc/arm-none-eabi/10.3.1/../../../../arm-none-eabi/lib/thumb/v8-m.main+fp/hard\libc_nano.a(lib_a-stdio.o)
                0x00000000080065fe                __swrite
 .text.__sseek  0x0000000008006636       0x24 c:/st/stm32cubeide_1.10.1/stm32cubeide/plugins/com.st.stm32cube.ide.mcu.externaltools.gnu-tools-for-stm32.10.3-2021.10.win32_1.0.200.202301161003/tools/bin/../lib/gcc/arm-none-eabi/10.3.1/../../../../arm-none-eabi/lib/thumb/v8-m.main+fp/hard\libc_nano.a(lib_a-stdio.o)
                0x0000000008006636                __sseek
 .text.__sclose
                0x000000000800665a        0x8 c:/st/stm32cubeide_1.10.1/stm32cubeide/plugins/com.st.stm32cube.ide.mcu.externaltools.gnu-tools-for-stm32.10.3-2021.10.win32_1.0.200.202301161003/tools/bin/../lib/gcc/arm-none-eabi/10.3.1/../../../../arm-none-eabi/lib/thumb/v8-m.main+fp/hard\libc_nano.a(lib_a-stdio.o)
                0x000000000800665a                __sclose
 *fill*         0x0000000008006662        0x2 
 .text._write_r
                0x0000000008006664       0x24 c:/st/stm32cubeide_1.10.1/stm32cubeide/plugins/com.st.stm32cube.ide.mcu.externaltools.gnu-tools-for-stm32.10.3-2021.10.win32_1.0.200.202301161003/tools/bin/../lib/gcc/arm-none-eabi/10.3.1/../../../../arm-none-eabi/lib/thumb/v8-m.main+fp/hard\libc_nano.a(lib_a-writer.o)
                0x0000000008006664                _write_r
 .text._close_r
                0x0000000008006688       0x20 c:/st/stm32cubeide_1.10.1/stm32cubeide/plugins/com.st.stm32cube.ide.mcu.externaltools.gnu-tools-for-stm32.10.3-2021.10.win32_1.0.200.202301161003/tools/bin/../lib/gcc/arm-none-eabi/10.3.1/../../../../arm-none-eabi/lib/thumb/v8-m.main+fp/hard\libc_nano.a(lib_a-closer.o)
                0x0000000008006688                _close_r
 .text._fstat_r
                0x00000000080066a8       0x24 c:/st/stm32cubeide_1.10.1/stm32cubeide/plugins/com.st.stm32cube.ide.mcu.externaltools.gnu-tools-for-stm32.10.3-2021.10.win32_1.0.200.202301161003/tools/bin/../lib/gcc/arm-none-eabi/10.3.1/../../../../arm-none-eabi/lib/thumb/v8-m.main+fp/hard\libc_nano.a(lib_a-fstatr.o)
                0x00000000080066a8                _fstat_r
 .text._isatty_r
                0x00000000080066cc       0x20 c:/st/stm32cubeide_1.10.1/stm32cubeide/plugins/com.st.stm32cube.ide.mcu.externaltools.gnu-tools-for-stm32.10.3-2021.10.win32_1.0.200.202301161003/tools/bin/../lib/gcc/arm-none-eabi/10.3.1/../../../../arm-none-eabi/lib/thumb/v8-m.main+fp/hard\libc_nano.a(lib_a-isattyr.o)
                0x00000000080066cc                _isatty_r
 .text._lseek_r
                0x00000000080066ec       0x24 c:/st/stm32cubeide_1.10.1/stm32cubeide/plugins/com.st.stm32cube.ide.mcu.externaltools.gnu-tools-for-stm32.10.3-2021.10.win32_1.0.200.202301161003/tools/bin/../lib/gcc/arm-none-eabi/10.3.1/../../../../arm-none-eabi/lib/thumb/v8-m.main+fp/hard\libc_nano.a(lib_a-lseekr.o)
                0x00000000080066ec                _lseek_r
 .text.__malloc_lock
                0x0000000008006710        0xc c:/st/stm32cubeide_1.10.1/stm32cubeide/plugins/com.st.stm32cube.ide.mcu.externaltools.gnu-tools-for-stm32.10.3-2021.10.win32_1.0.200.202301161003/tools/bin/../lib/gcc/arm-none-eabi/10.3.1/../../../../arm-none-eabi/lib/thumb/v8-m.main+fp/hard\libc_nano.a(lib_a-mlock.o)
                0x0000000008006710                __malloc_lock
 .text.__malloc_unlock
                0x000000000800671c        0xc c:/st/stm32cubeide_1.10.1/stm32cubeide/plugins/com.st.stm32cube.ide.mcu.externaltools.gnu-tools-for-stm32.10.3-2021.10.win32_1.0.200.202301161003/tools/bin/../lib/gcc/arm-none-eabi/10.3.1/../../../../arm-none-eabi/lib/thumb/v8-m.main+fp/hard\libc_nano.a(lib_a-mlock.o)
                0x000000000800671c                __malloc_unlock
 .text._read_r  0x0000000008006728       0x24 c:/st/stm32cubeide_1.10.1/stm32cubeide/plugins/com.st.stm32cube.ide.mcu.externaltools.gnu-tools-for-stm32.10.3-2021.10.win32_1.0.200.202301161003/tools/bin/../lib/gcc/arm-none-eabi/10.3.1/../../../../arm-none-eabi/lib/thumb/v8-m.main+fp/hard\libc_nano.a(lib_a-readr.o)
                0x0000000008006728                _read_r
 *(.glue_7)
 .glue_7        0x000000000800674c        0x0 linker stubs
 *(.glue_7t)
 .glue_7t       0x000000000800674c        0x0 linker stubs
 *(.eh_frame)
 .eh_frame      0x000000000800674c        0x0 c:/st/stm32cubeide_1.10.1/stm32cubeide/plugins/com.st.stm32cube.ide.mcu.externaltools.gnu-tools-for-stm32.10.3-2021.10.win32_1.0.200.202301161003/tools/bin/../lib/gcc/arm-none-eabi/10.3.1/thumb/v8-m.main+fp/hard/crtbegin.o
 *(.init)
 .init          0x000000000800674c        0x4 c:/st/stm32cubeide_1.10.1/stm32cubeide/plugins/com.st.stm32cube.ide.mcu.externaltools.gnu-tools-for-stm32.10.3-2021.10.win32_1.0.200.202301161003/tools/bin/../lib/gcc/arm-none-eabi/10.3.1/thumb/v8-m.main+fp/hard/crti.o
                0x000000000800674c                _init
 .init          0x0000000008006750        0x8 c:/st/stm32cubeide_1.10.1/stm32cubeide/plugins/com.st.stm32cube.ide.mcu.externaltools.gnu-tools-for-stm32.10.3-2021.10.win32_1.0.200.202301161003/tools/bin/../lib/gcc/arm-none-eabi/10.3.1/thumb/v8-m.main+fp/hard/crtn.o
 *(.fini)
 .fini          0x0000000008006758        0x4 c:/st/stm32cubeide_1.10.1/stm32cubeide/plugins/com.st.stm32cube.ide.mcu.externaltools.gnu-tools-for-stm32.10.3-2021.10.win32_1.0.200.202301161003/tools/bin/../lib/gcc/arm-none-eabi/10.3.1/thumb/v8-m.main+fp/hard/crti.o
                0x0000000008006758                _fini
 .fini          0x000000000800675c        0x8 c:/st/stm32cubeide_1.10.1/stm32cubeide/plugins/com.st.stm32cube.ide.mcu.externaltools.gnu-tools-for-stm32.10.3-2021.10.win32_1.0.200.202301161003/tools/bin/../lib/gcc/arm-none-eabi/10.3.1/thumb/v8-m.main+fp/hard/crtn.o
                0x0000000008006764                _etext = .

.vfp11_veneer   0x0000000008006764        0x0
 .vfp11_veneer  0x0000000008006764        0x0 linker stubs

.v4_bx          0x0000000008006764        0x0
 .v4_bx         0x0000000008006764        0x0 linker stubs

.iplt           0x0000000008006764        0x0
 .iplt          0x0000000008006764        0x0 c:/st/stm32cubeide_1.10.1/stm32cubeide/plugins/com.st.stm32cube.ide.mcu.externaltools.gnu-tools-for-stm32.10.3-2021.10.win32_1.0.200.202301161003/tools/bin/../lib/gcc/arm-none-eabi/10.3.1/thumb/v8-m.main+fp/hard/crtbegin.o

.rodata         0x0000000008006764      0x178
 *(.rodata)
 .rodata        0x0000000008006764       0x12 ./Core/Src/main.o
 *(.rodata*)
 *fill*         0x0000000008006776        0x2 
 .rodata.AHBPrescTable
                0x0000000008006778       0x10 ./Core/Src/system_stm32u5xx.o
                0x0000000008006778                AHBPrescTable
 .rodata.APBPrescTable
                0x0000000008006788        0x8 ./Core/Src/system_stm32u5xx.o
                0x0000000008006788                APBPrescTable
 .rodata.MSIRangeTable
                0x0000000008006790       0x40 ./Core/Src/system_stm32u5xx.o
                0x0000000008006790                MSIRangeTable
 .rodata.LPGPIO_Map
                0x00000000080067d0       0x80 ./Drivers/STM32U5xx_HAL_Driver/Src/stm32u5xx_hal_gpio.o
 .rodata.UARTPrescTable
                0x0000000008006850       0x18 ./Drivers/STM32U5xx_HAL_Driver/Src/stm32u5xx_hal_uart.o
                0x0000000008006850                UARTPrescTable
 .rodata.numerator.1
                0x0000000008006868        0x8 ./Drivers/STM32U5xx_HAL_Driver/Src/stm32u5xx_hal_uart_ex.o
 .rodata.denominator.0
                0x0000000008006870        0x8 ./Drivers/STM32U5xx_HAL_Driver/Src/stm32u5xx_hal_uart_ex.o
 .rodata._global_impure_ptr
                0x0000000008006878        0x4 c:/st/stm32cubeide_1.10.1/stm32cubeide/plugins/com.st.stm32cube.ide.mcu.externaltools.gnu-tools-for-stm32.10.3-2021.10.win32_1.0.200.202301161003/tools/bin/../lib/gcc/arm-none-eabi/10.3.1/../../../../arm-none-eabi/lib/thumb/v8-m.main+fp/hard\libc_nano.a(lib_a-impure.o)
                0x0000000008006878                _global_impure_ptr
 .rodata.__sf_fake_stderr
                0x000000000800687c       0x20 c:/st/stm32cubeide_1.10.1/stm32cubeide/plugins/com.st.stm32cube.ide.mcu.externaltools.gnu-tools-for-stm32.10.3-2021.10.win32_1.0.200.202301161003/tools/bin/../lib/gcc/arm-none-eabi/10.3.1/../../../../arm-none-eabi/lib/thumb/v8-m.main+fp/hard\libc_nano.a(lib_a-findfp.o)
                0x000000000800687c                __sf_fake_stderr
 .rodata.__sf_fake_stdin
                0x000000000800689c       0x20 c:/st/stm32cubeide_1.10.1/stm32cubeide/plugins/com.st.stm32cube.ide.mcu.externaltools.gnu-tools-for-stm32.10.3-2021.10.win32_1.0.200.202301161003/tools/bin/../lib/gcc/arm-none-eabi/10.3.1/../../../../arm-none-eabi/lib/thumb/v8-m.main+fp/hard\libc_nano.a(lib_a-findfp.o)
                0x000000000800689c                __sf_fake_stdin
 .rodata.__sf_fake_stdout
                0x00000000080068bc       0x20 c:/st/stm32cubeide_1.10.1/stm32cubeide/plugins/com.st.stm32cube.ide.mcu.externaltools.gnu-tools-for-stm32.10.3-2021.10.win32_1.0.200.202301161003/tools/bin/../lib/gcc/arm-none-eabi/10.3.1/../../../../arm-none-eabi/lib/thumb/v8-m.main+fp/hard\libc_nano.a(lib_a-findfp.o)
                0x00000000080068bc                __sf_fake_stdout

.ARM.extab
 *(.ARM.extab* .gnu.linkonce.armextab.*)

.ARM            0x00000000080068dc        0x8
                0x00000000080068dc                __exidx_start = .
 *(.ARM.exidx*)
 .ARM.exidx     0x00000000080068dc        0x8 c:/st/stm32cubeide_1.10.1/stm32cubeide/plugins/com.st.stm32cube.ide.mcu.externaltools.gnu-tools-for-stm32.10.3-2021.10.win32_1.0.200.202301161003/tools/bin/../lib/gcc/arm-none-eabi/10.3.1/thumb/v8-m.main+fp/hard\libgcc.a(_udivmoddi4.o)
                0x00000000080068e4                __exidx_end = .

.rel.dyn        0x00000000080068e4        0x0
 .rel.iplt      0x00000000080068e4        0x0 c:/st/stm32cubeide_1.10.1/stm32cubeide/plugins/com.st.stm32cube.ide.mcu.externaltools.gnu-tools-for-stm32.10.3-2021.10.win32_1.0.200.202301161003/tools/bin/../lib/gcc/arm-none-eabi/10.3.1/thumb/v8-m.main+fp/hard/crtbegin.o

.preinit_array  0x00000000080068e4        0x0
                0x00000000080068e4                PROVIDE (__preinit_array_start = .)
 *(.preinit_array*)
                0x00000000080068e4                PROVIDE (__preinit_array_end = .)

.init_array     0x00000000080068e4        0x4
                0x00000000080068e4                PROVIDE (__init_array_start = .)
 *(SORT_BY_NAME(.init_array.*))
 *(.init_array*)
 .init_array    0x00000000080068e4        0x4 c:/st/stm32cubeide_1.10.1/stm32cubeide/plugins/com.st.stm32cube.ide.mcu.externaltools.gnu-tools-for-stm32.10.3-2021.10.win32_1.0.200.202301161003/tools/bin/../lib/gcc/arm-none-eabi/10.3.1/thumb/v8-m.main+fp/hard/crtbegin.o
                0x00000000080068e8                PROVIDE (__init_array_end = .)

.fini_array     0x00000000080068e8        0x4
                [!provide]                        PROVIDE (__fini_array_start = .)
 *(SORT_BY_NAME(.fini_array.*))
 *(.fini_array*)
 .fini_array    0x00000000080068e8        0x4 c:/st/stm32cubeide_1.10.1/stm32cubeide/plugins/com.st.stm32cube.ide.mcu.externaltools.gnu-tools-for-stm32.10.3-2021.10.win32_1.0.200.202301161003/tools/bin/../lib/gcc/arm-none-eabi/10.3.1/thumb/v8-m.main+fp/hard/crtbegin.o
                [!provide]                        PROVIDE (__fini_array_end = .)
                0x00000000080068ec                _sidata = LOADADDR (.data)

.data           0x0000000020000000       0x70 load address 0x00000000080068ec
                0x0000000020000000                _sdata = .
 *(.data)
 *(.data*)
 .data.SystemCoreClock
                0x0000000020000000        0x4 ./Core/Src/system_stm32u5xx.o
                0x0000000020000000                SystemCoreClock
 .data.uwTickPrio
                0x0000000020000004        0x4 ./Drivers/STM32U5xx_HAL_Driver/Src/stm32u5xx_hal.o
                0x0000000020000004                uwTickPrio
 .data.uwTickFreq
                0x0000000020000008        0x1 ./Drivers/STM32U5xx_HAL_Driver/Src/stm32u5xx_hal.o
                0x0000000020000008                uwTickFreq
 *fill*         0x0000000020000009        0x3 
 .data._impure_ptr
                0x000000002000000c        0x4 c:/st/stm32cubeide_1.10.1/stm32cubeide/plugins/com.st.stm32cube.ide.mcu.externaltools.gnu-tools-for-stm32.10.3-2021.10.win32_1.0.200.202301161003/tools/bin/../lib/gcc/arm-none-eabi/10.3.1/../../../../arm-none-eabi/lib/thumb/v8-m.main+fp/hard\libc_nano.a(lib_a-impure.o)
                0x000000002000000c                _impure_ptr
 .data.impure_data
                0x0000000020000010       0x60 c:/st/stm32cubeide_1.10.1/stm32cubeide/plugins/com.st.stm32cube.ide.mcu.externaltools.gnu-tools-for-stm32.10.3-2021.10.win32_1.0.200.202301161003/tools/bin/../lib/gcc/arm-none-eabi/10.3.1/../../../../arm-none-eabi/lib/thumb/v8-m.main+fp/hard\libc_nano.a(lib_a-impure.o)
 *(.RamFunc)
 *(.RamFunc*)
                0x0000000020000070                _edata = .

.igot.plt       0x0000000020000070        0x0 load address 0x000000000800695c
 .igot.plt      0x0000000020000070        0x0 c:/st/stm32cubeide_1.10.1/stm32cubeide/plugins/com.st.stm32cube.ide.mcu.externaltools.gnu-tools-for-stm32.10.3-2021.10.win32_1.0.200.202301161003/tools/bin/../lib/gcc/arm-none-eabi/10.3.1/thumb/v8-m.main+fp/hard/crtbegin.o

.bss            0x0000000020000070       0xc8 load address 0x000000000800695c
                0x0000000020000070                _sbss = .
                0x0000000020000070                __bss_start__ = _sbss
 *(.bss)
 .bss           0x0000000020000070       0x1c c:/st/stm32cubeide_1.10.1/stm32cubeide/plugins/com.st.stm32cube.ide.mcu.externaltools.gnu-tools-for-stm32.10.3-2021.10.win32_1.0.200.202301161003/tools/bin/../lib/gcc/arm-none-eabi/10.3.1/thumb/v8-m.main+fp/hard/crtbegin.o
 *(.bss*)
 .bss.huart4    0x000000002000008c       0x94 ./Core/Src/main.o
                0x000000002000008c                huart4
 .bss.__sbrk_heap_end
                0x0000000020000120        0x4 ./Core/Src/sysmem.o
 .bss.uwTick    0x0000000020000124        0x4 ./Drivers/STM32U5xx_HAL_Driver/Src/stm32u5xx_hal.o
                0x0000000020000124                uwTick
 .bss.__lock___malloc_recursive_mutex
                0x0000000020000128        0x1 c:/st/stm32cubeide_1.10.1/stm32cubeide/plugins/com.st.stm32cube.ide.mcu.externaltools.gnu-tools-for-stm32.10.3-2021.10.win32_1.0.200.202301161003/tools/bin/../lib/gcc/arm-none-eabi/10.3.1/../../../../arm-none-eabi/lib/thumb/v8-m.main+fp/hard\libc_nano.a(lib_a-lock.o)
                0x0000000020000128                __lock___malloc_recursive_mutex
 .bss.__lock___sfp_recursive_mutex
                0x0000000020000129        0x1 c:/st/stm32cubeide_1.10.1/stm32cubeide/plugins/com.st.stm32cube.ide.mcu.externaltools.gnu-tools-for-stm32.10.3-2021.10.win32_1.0.200.202301161003/tools/bin/../lib/gcc/arm-none-eabi/10.3.1/../../../../arm-none-eabi/lib/thumb/v8-m.main+fp/hard\libc_nano.a(lib_a-lock.o)
                0x0000000020000129                __lock___sfp_recursive_mutex
 .bss.__lock___sinit_recursive_mutex
                0x000000002000012a        0x1 c:/st/stm32cubeide_1.10.1/stm32cubeide/plugins/com.st.stm32cube.ide.mcu.externaltools.gnu-tools-for-stm32.10.3-2021.10.win32_1.0.200.202301161003/tools/bin/../lib/gcc/arm-none-eabi/10.3.1/../../../../arm-none-eabi/lib/thumb/v8-m.main+fp/hard\libc_nano.a(lib_a-lock.o)
                0x000000002000012a                __lock___sinit_recursive_mutex
 *fill*         0x000000002000012b        0x1 
 .bss.__malloc_free_list
                0x000000002000012c        0x4 c:/st/stm32cubeide_1.10.1/stm32cubeide/plugins/com.st.stm32cube.ide.mcu.externaltools.gnu-tools-for-stm32.10.3-2021.10.win32_1.0.200.202301161003/tools/bin/../lib/gcc/arm-none-eabi/10.3.1/../../../../arm-none-eabi/lib/thumb/v8-m.main+fp/hard\libc_nano.a(lib_a-nano-mallocr.o)
                0x000000002000012c                __malloc_free_list
 .bss.__malloc_sbrk_start
                0x0000000020000130        0x4 c:/st/stm32cubeide_1.10.1/stm32cubeide/plugins/com.st.stm32cube.ide.mcu.externaltools.gnu-tools-for-stm32.10.3-2021.10.win32_1.0.200.202301161003/tools/bin/../lib/gcc/arm-none-eabi/10.3.1/../../../../arm-none-eabi/lib/thumb/v8-m.main+fp/hard\libc_nano.a(lib_a-nano-mallocr.o)
                0x0000000020000130                __malloc_sbrk_start
 .bss.errno     0x0000000020000134        0x4 c:/st/stm32cubeide_1.10.1/stm32cubeide/plugins/com.st.stm32cube.ide.mcu.externaltools.gnu-tools-for-stm32.10.3-2021.10.win32_1.0.200.202301161003/tools/bin/../lib/gcc/arm-none-eabi/10.3.1/../../../../arm-none-eabi/lib/thumb/v8-m.main+fp/hard\libc_nano.a(lib_a-reent.o)
                0x0000000020000134                errno
 *(COMMON)
                0x0000000020000138                _ebss = .
                0x0000000020000138                __bss_end__ = _ebss

._user_heap_stack
                0x0000000020000138      0x600 load address 0x000000000800695c
                0x0000000020000138                . = ALIGN (0x8)
                [!provide]                        PROVIDE (end = .)
                0x0000000020000138                PROVIDE (_end = .)
                0x0000000020000338                . = (. + _Min_Heap_Size)
 *fill*         0x0000000020000138      0x200 
                0x0000000020000738                . = (. + _Min_Stack_Size)
 *fill*         0x0000000020000338      0x400 
                0x0000000020000738                . = ALIGN (0x8)

/DISCARD/
 libc.a(*)
 libm.a(*)
 libgcc.a(*)

.ARM.attributes
                0x0000000000000000       0x36
 *(.ARM.attributes)
 .ARM.attributes
                0x0000000000000000       0x22 c:/st/stm32cubeide_1.10.1/stm32cubeide/plugins/com.st.stm32cube.ide.mcu.externaltools.gnu-tools-for-stm32.10.3-2021.10.win32_1.0.200.202301161003/tools/bin/../lib/gcc/arm-none-eabi/10.3.1/thumb/v8-m.main+fp/hard/crti.o
 .ARM.attributes
                0x0000000000000022       0x38 c:/st/stm32cubeide_1.10.1/stm32cubeide/plugins/com.st.stm32cube.ide.mcu.externaltools.gnu-tools-for-stm32.10.3-2021.10.win32_1.0.200.202301161003/tools/bin/../lib/gcc/arm-none-eabi/10.3.1/thumb/v8-m.main+fp/hard/crtbegin.o
 .ARM.attributes
                0x000000000000005a       0x3a ./Core/Src/main.o
 .ARM.attributes
                0x0000000000000094       0x3a ./Core/Src/stm32u5xx_hal_msp.o
 .ARM.attributes
                0x00000000000000ce       0x3a ./Core/Src/stm32u5xx_it.o
 .ARM.attributes
                0x0000000000000108       0x3a ./Core/Src/syscalls.o
 .ARM.attributes
                0x0000000000000142       0x3a ./Core/Src/sysmem.o
 .ARM.attributes
                0x000000000000017c       0x3a ./Core/Src/system_stm32u5xx.o
 .ARM.attributes
                0x00000000000001b6       0x24 ./Core/Startup/startup_stm32u585aiixq.o
 .ARM.attributes
                0x00000000000001da       0x3a ./Drivers/STM32U5xx_HAL_Driver/Src/stm32u5xx_hal.o
 .ARM.attributes
                0x0000000000000214       0x3a ./Drivers/STM32U5xx_HAL_Driver/Src/stm32u5xx_hal_cortex.o
 .ARM.attributes
                0x000000000000024e       0x3a ./Drivers/STM32U5xx_HAL_Driver/Src/stm32u5xx_hal_gpio.o
 .ARM.attributes
                0x0000000000000288       0x3a ./Drivers/STM32U5xx_HAL_Driver/Src/stm32u5xx_hal_pwr_ex.o
 .ARM.attributes
                0x00000000000002c2       0x3a ./Drivers/STM32U5xx_HAL_Driver/Src/stm32u5xx_hal_rcc.o
 .ARM.attributes
                0x00000000000002fc       0x3a ./Drivers/STM32U5xx_HAL_Driver/Src/stm32u5xx_hal_rcc_ex.o
 .ARM.attributes
                0x0000000000000336       0x3a ./Drivers/STM32U5xx_HAL_Driver/Src/stm32u5xx_hal_uart.o
 .ARM.attributes
                0x0000000000000370       0x3a ./Drivers/STM32U5xx_HAL_Driver/Src/stm32u5xx_hal_uart_ex.o
 .ARM.attributes
                0x00000000000003aa       0x38 c:/st/stm32cubeide_1.10.1/stm32cubeide/plugins/com.st.stm32cube.ide.mcu.externaltools.gnu-tools-for-stm32.10.3-2021.10.win32_1.0.200.202301161003/tools/bin/../lib/gcc/arm-none-eabi/10.3.1/../../../../arm-none-eabi/lib/thumb/v8-m.main+fp/hard\libc_nano.a(lib_a-errno.o)
 .ARM.attributes
                0x00000000000003e2       0x38 c:/st/stm32cubeide_1.10.1/stm32cubeide/plugins/com.st.stm32cube.ide.mcu.externaltools.gnu-tools-for-stm32.10.3-2021.10.win32_1.0.200.202301161003/tools/bin/../lib/gcc/arm-none-eabi/10.3.1/../../../../arm-none-eabi/lib/thumb/v8-m.main+fp/hard\libc_nano.a(lib_a-impure.o)
 .ARM.attributes
                0x000000000000041a       0x38 c:/st/stm32cubeide_1.10.1/stm32cubeide/plugins/com.st.stm32cube.ide.mcu.externaltools.gnu-tools-for-stm32.10.3-2021.10.win32_1.0.200.202301161003/tools/bin/../lib/gcc/arm-none-eabi/10.3.1/../../../../arm-none-eabi/lib/thumb/v8-m.main+fp/hard\libc_nano.a(lib_a-init.o)
 .ARM.attributes
                0x0000000000000452       0x38 c:/st/stm32cubeide_1.10.1/stm32cubeide/plugins/com.st.stm32cube.ide.mcu.externaltools.gnu-tools-for-stm32.10.3-2021.10.win32_1.0.200.202301161003/tools/bin/../lib/gcc/arm-none-eabi/10.3.1/../../../../arm-none-eabi/lib/thumb/v8-m.main+fp/hard\libc_nano.a(lib_a-memset.o)
 .ARM.attributes
                0x000000000000048a       0x38 c:/st/stm32cubeide_1.10.1/stm32cubeide/plugins/com.st.stm32cube.ide.mcu.externaltools.gnu-tools-for-stm32.10.3-2021.10.win32_1.0.200.202301161003/tools/bin/../lib/gcc/arm-none-eabi/10.3.1/../../../../arm-none-eabi/lib/thumb/v8-m.main+fp/hard\libc_nano.a(lib_a-puts.o)
 .ARM.attributes
                0x00000000000004c2       0x38 c:/st/stm32cubeide_1.10.1/stm32cubeide/plugins/com.st.stm32cube.ide.mcu.externaltools.gnu-tools-for-stm32.10.3-2021.10.win32_1.0.200.202301161003/tools/bin/../lib/gcc/arm-none-eabi/10.3.1/../../../../arm-none-eabi/lib/thumb/v8-m.main+fp/hard\libc_nano.a(lib_a-wbuf.o)
 .ARM.attributes
                0x00000000000004fa       0x38 c:/st/stm32cubeide_1.10.1/stm32cubeide/plugins/com.st.stm32cube.ide.mcu.externaltools.gnu-tools-for-stm32.10.3-2021.10.win32_1.0.200.202301161003/tools/bin/../lib/gcc/arm-none-eabi/10.3.1/../../../../arm-none-eabi/lib/thumb/v8-m.main+fp/hard\libc_nano.a(lib_a-wsetup.o)
 .ARM.attributes
                0x0000000000000532       0x38 c:/st/stm32cubeide_1.10.1/stm32cubeide/plugins/com.st.stm32cube.ide.mcu.externaltools.gnu-tools-for-stm32.10.3-2021.10.win32_1.0.200.202301161003/tools/bin/../lib/gcc/arm-none-eabi/10.3.1/../../../../arm-none-eabi/lib/thumb/v8-m.main+fp/hard\libc_nano.a(lib_a-fflush.o)
 .ARM.attributes
                0x000000000000056a       0x38 c:/st/stm32cubeide_1.10.1/stm32cubeide/plugins/com.st.stm32cube.ide.mcu.externaltools.gnu-tools-for-stm32.10.3-2021.10.win32_1.0.200.202301161003/tools/bin/../lib/gcc/arm-none-eabi/10.3.1/../../../../arm-none-eabi/lib/thumb/v8-m.main+fp/hard\libc_nano.a(lib_a-findfp.o)
 .ARM.attributes
                0x00000000000005a2       0x38 c:/st/stm32cubeide_1.10.1/stm32cubeide/plugins/com.st.stm32cube.ide.mcu.externaltools.gnu-tools-for-stm32.10.3-2021.10.win32_1.0.200.202301161003/tools/bin/../lib/gcc/arm-none-eabi/10.3.1/../../../../arm-none-eabi/lib/thumb/v8-m.main+fp/hard\libc_nano.a(lib_a-fwalk.o)
 .ARM.attributes
                0x00000000000005da       0x38 c:/st/stm32cubeide_1.10.1/stm32cubeide/plugins/com.st.stm32cube.ide.mcu.externaltools.gnu-tools-for-stm32.10.3-2021.10.win32_1.0.200.202301161003/tools/bin/../lib/gcc/arm-none-eabi/10.3.1/../../../../arm-none-eabi/lib/thumb/v8-m.main+fp/hard\libc_nano.a(lib_a-lock.o)
 .ARM.attributes
                0x0000000000000612       0x38 c:/st/stm32cubeide_1.10.1/stm32cubeide/plugins/com.st.stm32cube.ide.mcu.externaltools.gnu-tools-for-stm32.10.3-2021.10.win32_1.0.200.202301161003/tools/bin/../lib/gcc/arm-none-eabi/10.3.1/../../../../arm-none-eabi/lib/thumb/v8-m.main+fp/hard\libc_nano.a(lib_a-makebuf.o)
 .ARM.attributes
                0x000000000000064a       0x38 c:/st/stm32cubeide_1.10.1/stm32cubeide/plugins/com.st.stm32cube.ide.mcu.externaltools.gnu-tools-for-stm32.10.3-2021.10.win32_1.0.200.202301161003/tools/bin/../lib/gcc/arm-none-eabi/10.3.1/../../../../arm-none-eabi/lib/thumb/v8-m.main+fp/hard\libc_nano.a(lib_a-nano-freer.o)
 .ARM.attributes
                0x0000000000000682       0x38 c:/st/stm32cubeide_1.10.1/stm32cubeide/plugins/com.st.stm32cube.ide.mcu.externaltools.gnu-tools-for-stm32.10.3-2021.10.win32_1.0.200.202301161003/tools/bin/../lib/gcc/arm-none-eabi/10.3.1/../../../../arm-none-eabi/lib/thumb/v8-m.main+fp/hard\libc_nano.a(lib_a-nano-mallocr.o)
 .ARM.attributes
                0x00000000000006ba       0x38 c:/st/stm32cubeide_1.10.1/stm32cubeide/plugins/com.st.stm32cube.ide.mcu.externaltools.gnu-tools-for-stm32.10.3-2021.10.win32_1.0.200.202301161003/tools/bin/../lib/gcc/arm-none-eabi/10.3.1/../../../../arm-none-eabi/lib/thumb/v8-m.main+fp/hard\libc_nano.a(lib_a-sbrkr.o)
 .ARM.attributes
                0x00000000000006f2       0x38 c:/st/stm32cubeide_1.10.1/stm32cubeide/plugins/com.st.stm32cube.ide.mcu.externaltools.gnu-tools-for-stm32.10.3-2021.10.win32_1.0.200.202301161003/tools/bin/../lib/gcc/arm-none-eabi/10.3.1/../../../../arm-none-eabi/lib/thumb/v8-m.main+fp/hard\libc_nano.a(lib_a-stdio.o)
 .ARM.attributes
                0x000000000000072a       0x38 c:/st/stm32cubeide_1.10.1/stm32cubeide/plugins/com.st.stm32cube.ide.mcu.externaltools.gnu-tools-for-stm32.10.3-2021.10.win32_1.0.200.202301161003/tools/bin/../lib/gcc/arm-none-eabi/10.3.1/../../../../arm-none-eabi/lib/thumb/v8-m.main+fp/hard\libc_nano.a(lib_a-writer.o)
 .ARM.attributes
                0x0000000000000762       0x38 c:/st/stm32cubeide_1.10.1/stm32cubeide/plugins/com.st.stm32cube.ide.mcu.externaltools.gnu-tools-for-stm32.10.3-2021.10.win32_1.0.200.202301161003/tools/bin/../lib/gcc/arm-none-eabi/10.3.1/../../../../arm-none-eabi/lib/thumb/v8-m.main+fp/hard\libc_nano.a(lib_a-closer.o)
 .ARM.attributes
                0x000000000000079a       0x38 c:/st/stm32cubeide_1.10.1/stm32cubeide/plugins/com.st.stm32cube.ide.mcu.externaltools.gnu-tools-for-stm32.10.3-2021.10.win32_1.0.200.202301161003/tools/bin/../lib/gcc/arm-none-eabi/10.3.1/../../../../arm-none-eabi/lib/thumb/v8-m.main+fp/hard\libc_nano.a(lib_a-fstatr.o)
 .ARM.attributes
                0x00000000000007d2       0x38 c:/st/stm32cubeide_1.10.1/stm32cubeide/plugins/com.st.stm32cube.ide.mcu.externaltools.gnu-tools-for-stm32.10.3-2021.10.win32_1.0.200.202301161003/tools/bin/../lib/gcc/arm-none-eabi/10.3.1/../../../../arm-none-eabi/lib/thumb/v8-m.main+fp/hard\libc_nano.a(lib_a-isattyr.o)
 .ARM.attributes
                0x000000000000080a       0x38 c:/st/stm32cubeide_1.10.1/stm32cubeide/plugins/com.st.stm32cube.ide.mcu.externaltools.gnu-tools-for-stm32.10.3-2021.10.win32_1.0.200.202301161003/tools/bin/../lib/gcc/arm-none-eabi/10.3.1/../../../../arm-none-eabi/lib/thumb/v8-m.main+fp/hard\libc_nano.a(lib_a-lseekr.o)
 .ARM.attributes
                0x0000000000000842       0x38 c:/st/stm32cubeide_1.10.1/stm32cubeide/plugins/com.st.stm32cube.ide.mcu.externaltools.gnu-tools-for-stm32.10.3-2021.10.win32_1.0.200.202301161003/tools/bin/../lib/gcc/arm-none-eabi/10.3.1/../../../../arm-none-eabi/lib/thumb/v8-m.main+fp/hard\libc_nano.a(lib_a-mlock.o)
 .ARM.attributes
                0x000000000000087a       0x38 c:/st/stm32cubeide_1.10.1/stm32cubeide/plugins/com.st.stm32cube.ide.mcu.externaltools.gnu-tools-for-stm32.10.3-2021.10.win32_1.0.200.202301161003/tools/bin/../lib/gcc/arm-none-eabi/10.3.1/../../../../arm-none-eabi/lib/thumb/v8-m.main+fp/hard\libc_nano.a(lib_a-readr.o)
 .ARM.attributes
                0x00000000000008b2       0x38 c:/st/stm32cubeide_1.10.1/stm32cubeide/plugins/com.st.stm32cube.ide.mcu.externaltools.gnu-tools-for-stm32.10.3-2021.10.win32_1.0.200.202301161003/tools/bin/../lib/gcc/arm-none-eabi/10.3.1/../../../../arm-none-eabi/lib/thumb/v8-m.main+fp/hard\libc_nano.a(lib_a-reent.o)
 .ARM.attributes
                0x00000000000008ea       0x22 c:/st/stm32cubeide_1.10.1/stm32cubeide/plugins/com.st.stm32cube.ide.mcu.externaltools.gnu-tools-for-stm32.10.3-2021.10.win32_1.0.200.202301161003/tools/bin/../lib/gcc/arm-none-eabi/10.3.1/thumb/v8-m.main+fp/hard\libgcc.a(_aeabi_uldivmod.o)
 .ARM.attributes
                0x000000000000090c       0x38 c:/st/stm32cubeide_1.10.1/stm32cubeide/plugins/com.st.stm32cube.ide.mcu.externaltools.gnu-tools-for-stm32.10.3-2021.10.win32_1.0.200.202301161003/tools/bin/../lib/gcc/arm-none-eabi/10.3.1/thumb/v8-m.main+fp/hard\libgcc.a(_udivmoddi4.o)
 .ARM.attributes
                0x0000000000000944       0x22 c:/st/stm32cubeide_1.10.1/stm32cubeide/plugins/com.st.stm32cube.ide.mcu.externaltools.gnu-tools-for-stm32.10.3-2021.10.win32_1.0.200.202301161003/tools/bin/../lib/gcc/arm-none-eabi/10.3.1/thumb/v8-m.main+fp/hard\libgcc.a(_dvmd_tls.o)
 .ARM.attributes
                0x0000000000000966       0x22 c:/st/stm32cubeide_1.10.1/stm32cubeide/plugins/com.st.stm32cube.ide.mcu.externaltools.gnu-tools-for-stm32.10.3-2021.10.win32_1.0.200.202301161003/tools/bin/../lib/gcc/arm-none-eabi/10.3.1/thumb/v8-m.main+fp/hard/crtn.o
OUTPUT(bootloader.elf elf32-littlearm)
LOAD linker stubs
LOAD c:/st/stm32cubeide_1.10.1/stm32cubeide/plugins/com.st.stm32cube.ide.mcu.externaltools.gnu-tools-for-stm32.10.3-2021.10.win32_1.0.200.202301161003/tools/bin/../lib/gcc/arm-none-eabi/10.3.1/../../../../arm-none-eabi/lib/thumb/v8-m.main+fp/hard\libc.a
LOAD c:/st/stm32cubeide_1.10.1/stm32cubeide/plugins/com.st.stm32cube.ide.mcu.externaltools.gnu-tools-for-stm32.10.3-2021.10.win32_1.0.200.202301161003/tools/bin/../lib/gcc/arm-none-eabi/10.3.1/../../../../arm-none-eabi/lib/thumb/v8-m.main+fp/hard\libm.a
LOAD c:/st/stm32cubeide_1.10.1/stm32cubeide/plugins/com.st.stm32cube.ide.mcu.externaltools.gnu-tools-for-stm32.10.3-2021.10.win32_1.0.200.202301161003/tools/bin/../lib/gcc/arm-none-eabi/10.3.1/thumb/v8-m.main+fp/hard\libgcc.a

.debug_info     0x0000000000000000     0xf4b5
 .debug_info    0x0000000000000000     0x1132 ./Core/Src/main.o
 .debug_info    0x0000000000001132     0x11f9 ./Core/Src/stm32u5xx_hal_msp.o
 .debug_info    0x000000000000232b      0x137 ./Core/Src/stm32u5xx_it.o
 .debug_info    0x0000000000002462      0x6e0 ./Core/Src/syscalls.o
 .debug_info    0x0000000000002b42      0x171 ./Core/Src/sysmem.o
 .debug_info    0x0000000000002cb3      0x8f2 ./Core/Src/system_stm32u5xx.o
 .debug_info    0x00000000000035a5       0x22 ./Core/Startup/startup_stm32u585aiixq.o
 .debug_info    0x00000000000035c7     0x121e ./Drivers/STM32U5xx_HAL_Driver/Src/stm32u5xx_hal.o
 .debug_info    0x00000000000047e5     0x15dd ./Drivers/STM32U5xx_HAL_Driver/Src/stm32u5xx_hal_cortex.o
 .debug_info    0x0000000000005dc2      0x8e3 ./Drivers/STM32U5xx_HAL_Driver/Src/stm32u5xx_hal_gpio.o
 .debug_info    0x00000000000066a5      0xe83 ./Drivers/STM32U5xx_HAL_Driver/Src/stm32u5xx_hal_pwr_ex.o
 .debug_info    0x0000000000007528     0x13cd ./Drivers/STM32U5xx_HAL_Driver/Src/stm32u5xx_hal_rcc.o
 .debug_info    0x00000000000088f5     0x167d ./Drivers/STM32U5xx_HAL_Driver/Src/stm32u5xx_hal_rcc_ex.o
 .debug_info    0x0000000000009f72     0x4297 ./Drivers/STM32U5xx_HAL_Driver/Src/stm32u5xx_hal_uart.o
 .debug_info    0x000000000000e209     0x12ac ./Drivers/STM32U5xx_HAL_Driver/Src/stm32u5xx_hal_uart_ex.o

.debug_abbrev   0x0000000000000000     0x1d2a
 .debug_abbrev  0x0000000000000000      0x2be ./Core/Src/main.o
 .debug_abbrev  0x00000000000002be      0x1e5 ./Core/Src/stm32u5xx_hal_msp.o
 .debug_abbrev  0x00000000000004a3       0x74 ./Core/Src/stm32u5xx_it.o
 .debug_abbrev  0x0000000000000517      0x1b3 ./Core/Src/syscalls.o
 .debug_abbrev  0x00000000000006ca       0xbb ./Core/Src/sysmem.o
 .debug_abbrev  0x0000000000000785      0x127 ./Core/Src/system_stm32u5xx.o
 .debug_abbrev  0x00000000000008ac       0x12 ./Core/Startup/startup_stm32u585aiixq.o
 .debug_abbrev  0x00000000000008be      0x285 ./Drivers/STM32U5xx_HAL_Driver/Src/stm32u5xx_hal.o
 .debug_abbrev  0x0000000000000b43      0x303 ./Drivers/STM32U5xx_HAL_Driver/Src/stm32u5xx_hal_cortex.o
 .debug_abbrev  0x0000000000000e46      0x246 ./Drivers/STM32U5xx_HAL_Driver/Src/stm32u5xx_hal_gpio.o
 .debug_abbrev  0x000000000000108c      0x20d ./Drivers/STM32U5xx_HAL_Driver/Src/stm32u5xx_hal_pwr_ex.o
 .debug_abbrev  0x0000000000001299      0x2b9 ./Drivers/STM32U5xx_HAL_Driver/Src/stm32u5xx_hal_rcc.o
 .debug_abbrev  0x0000000000001552      0x22b ./Drivers/STM32U5xx_HAL_Driver/Src/stm32u5xx_hal_rcc_ex.o
 .debug_abbrev  0x000000000000177d      0x2f0 ./Drivers/STM32U5xx_HAL_Driver/Src/stm32u5xx_hal_uart.o
 .debug_abbrev  0x0000000000001a6d      0x2bd ./Drivers/STM32U5xx_HAL_Driver/Src/stm32u5xx_hal_uart_ex.o

.debug_aranges  0x0000000000000000      0xbe0
 .debug_aranges
                0x0000000000000000       0x50 ./Core/Src/main.o
 .debug_aranges
                0x0000000000000050       0x30 ./Core/Src/stm32u5xx_hal_msp.o
 .debug_aranges
                0x0000000000000080       0x60 ./Core/Src/stm32u5xx_it.o
 .debug_aranges
                0x00000000000000e0       0xa8 ./Core/Src/syscalls.o
 .debug_aranges
                0x0000000000000188       0x20 ./Core/Src/sysmem.o
 .debug_aranges
                0x00000000000001a8       0x28 ./Core/Src/system_stm32u5xx.o
 .debug_aranges
                0x00000000000001d0       0x28 ./Core/Startup/startup_stm32u585aiixq.o
 .debug_aranges
                0x00000000000001f8      0x138 ./Drivers/STM32U5xx_HAL_Driver/Src/stm32u5xx_hal.o
 .debug_aranges
                0x0000000000000330      0x130 ./Drivers/STM32U5xx_HAL_Driver/Src/stm32u5xx_hal_cortex.o
 .debug_aranges
                0x0000000000000460       0x78 ./Drivers/STM32U5xx_HAL_Driver/Src/stm32u5xx_hal_gpio.o
 .debug_aranges
                0x00000000000004d8      0x200 ./Drivers/STM32U5xx_HAL_Driver/Src/stm32u5xx_hal_pwr_ex.o
 .debug_aranges
                0x00000000000006d8       0xa8 ./Drivers/STM32U5xx_HAL_Driver/Src/stm32u5xx_hal_rcc.o
 .debug_aranges
                0x0000000000000780      0x160 ./Drivers/STM32U5xx_HAL_Driver/Src/stm32u5xx_hal_rcc_ex.o
 .debug_aranges
                0x00000000000008e0      0x248 ./Drivers/STM32U5xx_HAL_Driver/Src/stm32u5xx_hal_uart.o
 .debug_aranges
                0x0000000000000b28       0xb8 ./Drivers/STM32U5xx_HAL_Driver/Src/stm32u5xx_hal_uart_ex.o

.debug_ranges   0x0000000000000000      0xb28
 .debug_ranges  0x0000000000000000       0x40 ./Core/Src/main.o
 .debug_ranges  0x0000000000000040       0x20 ./Core/Src/stm32u5xx_hal_msp.o
 .debug_ranges  0x0000000000000060       0x50 ./Core/Src/stm32u5xx_it.o
 .debug_ranges  0x00000000000000b0       0x98 ./Core/Src/syscalls.o
 .debug_ranges  0x0000000000000148       0x10 ./Core/Src/sysmem.o
 .debug_ranges  0x0000000000000158       0x18 ./Core/Src/system_stm32u5xx.o
 .debug_ranges  0x0000000000000170       0x20 ./Core/Startup/startup_stm32u585aiixq.o
 .debug_ranges  0x0000000000000190      0x128 ./Drivers/STM32U5xx_HAL_Driver/Src/stm32u5xx_hal.o
 .debug_ranges  0x00000000000002b8      0x120 ./Drivers/STM32U5xx_HAL_Driver/Src/stm32u5xx_hal_cortex.o
 .debug_ranges  0x00000000000003d8       0x68 ./Drivers/STM32U5xx_HAL_Driver/Src/stm32u5xx_hal_gpio.o
 .debug_ranges  0x0000000000000440      0x1f0 ./Drivers/STM32U5xx_HAL_Driver/Src/stm32u5xx_hal_pwr_ex.o
 .debug_ranges  0x0000000000000630       0x98 ./Drivers/STM32U5xx_HAL_Driver/Src/stm32u5xx_hal_rcc.o
 .debug_ranges  0x00000000000006c8      0x150 ./Drivers/STM32U5xx_HAL_Driver/Src/stm32u5xx_hal_rcc_ex.o
 .debug_ranges  0x0000000000000818      0x268 ./Drivers/STM32U5xx_HAL_Driver/Src/stm32u5xx_hal_uart.o
 .debug_ranges  0x0000000000000a80       0xa8 ./Drivers/STM32U5xx_HAL_Driver/Src/stm32u5xx_hal_uart_ex.o

.debug_macro    0x0000000000000000    0x32551
 .debug_macro   0x0000000000000000      0x35a ./Core/Src/main.o
 .debug_macro   0x000000000000035a      0xa7e ./Core/Src/main.o
 .debug_macro   0x0000000000000dd8      0x1da ./Core/Src/main.o
 .debug_macro   0x0000000000000fb2       0x2e ./Core/Src/main.o
 .debug_macro   0x0000000000000fe0       0x42 ./Core/Src/main.o
 .debug_macro   0x0000000000001022       0x22 ./Core/Src/main.o
 .debug_macro   0x0000000000001044       0x8e ./Core/Src/main.o
 .debug_macro   0x00000000000010d2       0x51 ./Core/Src/main.o
 .debug_macro   0x0000000000001123      0x103 ./Core/Src/main.o
 .debug_macro   0x0000000000001226       0x6a ./Core/Src/main.o
 .debug_macro   0x0000000000001290      0x1df ./Core/Src/main.o
 .debug_macro   0x000000000000146f       0x1c ./Core/Src/main.o
 .debug_macro   0x000000000000148b       0x29 ./Core/Src/main.o
 .debug_macro   0x00000000000014b4       0xfb ./Core/Src/main.o
 .debug_macro   0x00000000000015af     0x1336 ./Core/Src/main.o
 .debug_macro   0x00000000000028e5       0x5e ./Core/Src/main.o
 .debug_macro   0x0000000000002943    0x23906 ./Core/Src/main.o
 .debug_macro   0x0000000000026249       0x6d ./Core/Src/main.o
 .debug_macro   0x00000000000262b6     0x3882 ./Core/Src/main.o
 .debug_macro   0x0000000000029b38      0x174 ./Core/Src/main.o
 .debug_macro   0x0000000000029cac       0x52 ./Core/Src/main.o
 .debug_macro   0x0000000000029cfe       0x1e ./Core/Src/main.o
 .debug_macro   0x0000000000029d1c       0x3c ./Core/Src/main.o
 .debug_macro   0x0000000000029d58       0x34 ./Core/Src/main.o
 .debug_macro   0x0000000000029d8c       0x16 ./Core/Src/main.o
 .debug_macro   0x0000000000029da2       0x43 ./Core/Src/main.o
 .debug_macro   0x0000000000029de5       0x34 ./Core/Src/main.o
 .debug_macro   0x0000000000029e19       0x10 ./Core/Src/main.o
 .debug_macro   0x0000000000029e29       0x58 ./Core/Src/main.o
 .debug_macro   0x0000000000029e81       0x71 ./Core/Src/main.o
 .debug_macro   0x0000000000029ef2       0x1c ./Core/Src/main.o
 .debug_macro   0x0000000000029f0e      0x12a ./Core/Src/main.o
 .debug_macro   0x000000000002a038      0x341 ./Core/Src/main.o
 .debug_macro   0x000000000002a379      0x19b ./Core/Src/main.o
 .debug_macro   0x000000000002a514       0x5d ./Core/Src/main.o
 .debug_macro   0x000000000002a571     0x1bfd ./Core/Src/main.o
 .debug_macro   0x000000000002c16e      0x7ff ./Core/Src/main.o
 .debug_macro   0x000000000002c96d      0x15f ./Core/Src/main.o
 .debug_macro   0x000000000002cacc      0x29c ./Core/Src/main.o
 .debug_macro   0x000000000002cd68      0x5a5 ./Core/Src/main.o
 .debug_macro   0x000000000002d30d      0x432 ./Core/Src/main.o
 .debug_macro   0x000000000002d73f       0xd6 ./Core/Src/main.o
 .debug_macro   0x000000000002d815      0x1cd ./Core/Src/main.o
 .debug_macro   0x000000000002d9e2      0x432 ./Core/Src/main.o
 .debug_macro   0x000000000002de14       0x95 ./Core/Src/main.o
 .debug_macro   0x000000000002dea9      0x11c ./Core/Src/main.o
 .debug_macro   0x000000000002dfc5      0x517 ./Core/Src/main.o
 .debug_macro   0x000000000002e4dc      0x4bf ./Core/Src/main.o
 .debug_macro   0x000000000002e99b      0x677 ./Core/Src/main.o
 .debug_macro   0x000000000002f012      0x1a1 ./Core/Src/main.o
 .debug_macro   0x000000000002f1b3      0x1c0 ./Core/Src/main.o
 .debug_macro   0x000000000002f373      0x361 ./Core/Src/main.o
 .debug_macro   0x000000000002f6d4       0x16 ./Core/Src/main.o
 .debug_macro   0x000000000002f6ea       0x35 ./Core/Src/main.o
 .debug_macro   0x000000000002f71f       0x20 ./Core/Src/main.o
 .debug_macro   0x000000000002f73f       0x1c ./Core/Src/main.o
 .debug_macro   0x000000000002f75b       0x10 ./Core/Src/main.o
 .debug_macro   0x000000000002f76b       0x10 ./Core/Src/main.o
 .debug_macro   0x000000000002f77b       0x1c ./Core/Src/main.o
 .debug_macro   0x000000000002f797       0x52 ./Core/Src/main.o
 .debug_macro   0x000000000002f7e9       0x22 ./Core/Src/main.o
 .debug_macro   0x000000000002f80b       0x10 ./Core/Src/main.o
 .debug_macro   0x000000000002f81b       0x52 ./Core/Src/main.o
 .debug_macro   0x000000000002f86d       0xd5 ./Core/Src/main.o
 .debug_macro   0x000000000002f942       0x1c ./Core/Src/main.o
 .debug_macro   0x000000000002f95e       0x3d ./Core/Src/main.o
 .debug_macro   0x000000000002f99b       0x16 ./Core/Src/main.o
 .debug_macro   0x000000000002f9b1      0x145 ./Core/Src/main.o
 .debug_macro   0x000000000002faf6      0x263 ./Core/Src/stm32u5xx_hal_msp.o
 .debug_macro   0x000000000002fd59      0x26d ./Core/Src/stm32u5xx_it.o
 .debug_macro   0x000000000002ffc6      0x24c ./Core/Src/syscalls.o
 .debug_macro   0x0000000000030212       0x4c ./Core/Src/syscalls.o
 .debug_macro   0x000000000003025e       0x94 ./Core/Src/syscalls.o
 .debug_macro   0x00000000000302f2       0x57 ./Core/Src/syscalls.o
 .debug_macro   0x0000000000030349       0x10 ./Core/Src/syscalls.o
 .debug_macro   0x0000000000030359       0x10 ./Core/Src/syscalls.o
 .debug_macro   0x0000000000030369       0x10 ./Core/Src/syscalls.o
 .debug_macro   0x0000000000030379       0x35 ./Core/Src/syscalls.o
 .debug_macro   0x00000000000303ae      0x12c ./Core/Src/syscalls.o
 .debug_macro   0x00000000000304da       0x16 ./Core/Src/syscalls.o
 .debug_macro   0x00000000000304f0       0x16 ./Core/Src/syscalls.o
 .debug_macro   0x0000000000030506       0x29 ./Core/Src/syscalls.o
 .debug_macro   0x000000000003052f       0x10 ./Core/Src/syscalls.o
 .debug_macro   0x000000000003053f      0x241 ./Core/Src/syscalls.o
 .debug_macro   0x0000000000030780       0x10 ./Core/Src/syscalls.o
 .debug_macro   0x0000000000030790      0x189 ./Core/Src/syscalls.o
 .debug_macro   0x0000000000030919       0x16 ./Core/Src/syscalls.o
 .debug_macro   0x000000000003092f       0xce ./Core/Src/syscalls.o
 .debug_macro   0x00000000000309fd       0xff ./Core/Src/sysmem.o
 .debug_macro   0x0000000000030afc      0x23b ./Core/Src/sysmem.o
 .debug_macro   0x0000000000030d37      0x260 ./Core/Src/system_stm32u5xx.o
 .debug_macro   0x0000000000030f97      0x27d ./Drivers/STM32U5xx_HAL_Driver/Src/stm32u5xx_hal.o
 .debug_macro   0x0000000000031214      0x259 ./Drivers/STM32U5xx_HAL_Driver/Src/stm32u5xx_hal_cortex.o
 .debug_macro   0x000000000003146d      0x28e ./Drivers/STM32U5xx_HAL_Driver/Src/stm32u5xx_hal_gpio.o
 .debug_macro   0x00000000000316fb      0x284 ./Drivers/STM32U5xx_HAL_Driver/Src/stm32u5xx_hal_pwr_ex.o
 .debug_macro   0x000000000003197f      0x35f ./Drivers/STM32U5xx_HAL_Driver/Src/stm32u5xx_hal_rcc.o
 .debug_macro   0x0000000000031cde      0x38a ./Drivers/STM32U5xx_HAL_Driver/Src/stm32u5xx_hal_rcc_ex.o
 .debug_macro   0x0000000000032068      0x284 ./Drivers/STM32U5xx_HAL_Driver/Src/stm32u5xx_hal_uart.o
 .debug_macro   0x00000000000322ec      0x265 ./Drivers/STM32U5xx_HAL_Driver/Src/stm32u5xx_hal_uart_ex.o

.debug_line     0x0000000000000000     0xe8f7
 .debug_line    0x0000000000000000      0x9e0 ./Core/Src/main.o
 .debug_line    0x00000000000009e0      0x821 ./Core/Src/stm32u5xx_hal_msp.o
 .debug_line    0x0000000000001201      0x887 ./Core/Src/stm32u5xx_it.o
 .debug_line    0x0000000000001a88      0x7fe ./Core/Src/syscalls.o
 .debug_line    0x0000000000002286      0x4f4 ./Core/Src/sysmem.o
 .debug_line    0x000000000000277a      0x8bd ./Core/Src/system_stm32u5xx.o
 .debug_line    0x0000000000003037       0x88 ./Core/Startup/startup_stm32u585aiixq.o
 .debug_line    0x00000000000030bf      0xbcf ./Drivers/STM32U5xx_HAL_Driver/Src/stm32u5xx_hal.o
 .debug_line    0x0000000000003c8e      0xdcc ./Drivers/STM32U5xx_HAL_Driver/Src/stm32u5xx_hal_cortex.o
 .debug_line    0x0000000000004a5a      0xd35 ./Drivers/STM32U5xx_HAL_Driver/Src/stm32u5xx_hal_gpio.o
 .debug_line    0x000000000000578f     0x1150 ./Drivers/STM32U5xx_HAL_Driver/Src/stm32u5xx_hal_pwr_ex.o
 .debug_line    0x00000000000068df     0x1508 ./Drivers/STM32U5xx_HAL_Driver/Src/stm32u5xx_hal_rcc.o
 .debug_line    0x0000000000007de7     0x22df ./Drivers/STM32U5xx_HAL_Driver/Src/stm32u5xx_hal_rcc_ex.o
 .debug_line    0x000000000000a0c6     0x38f3 ./Drivers/STM32U5xx_HAL_Driver/Src/stm32u5xx_hal_uart.o
 .debug_line    0x000000000000d9b9      0xf3e ./Drivers/STM32U5xx_HAL_Driver/Src/stm32u5xx_hal_uart_ex.o

.debug_str      0x0000000000000000   0x138e66
 .debug_str     0x0000000000000000   0x130c78 ./Core/Src/main.o
                                     0x131832 (size before relaxing)
 .debug_str     0x0000000000130c78      0x424 ./Core/Src/stm32u5xx_hal_msp.o
                                     0x130924 (size before relaxing)
 .debug_str     0x000000000013109c       0xc9 ./Core/Src/stm32u5xx_it.o
                                     0x12fcf1 (size before relaxing)
 .debug_str     0x0000000000131165     0x1741 ./Core/Src/syscalls.o
                                       0x8a97 (size before relaxing)
 .debug_str     0x00000000001328a6       0x6b ./Core/Src/sysmem.o
                                       0x5dd3 (size before relaxing)
 .debug_str     0x0000000000132911      0x1b8 ./Core/Src/system_stm32u5xx.o
                                     0x130036 (size before relaxing)
 .debug_str     0x0000000000132ac9       0x37 ./Core/Startup/startup_stm32u585aiixq.o
                                         0x5c (size before relaxing)
 .debug_str     0x0000000000132b00      0xe6c ./Drivers/STM32U5xx_HAL_Driver/Src/stm32u5xx_hal.o
                                     0x130e4d (size before relaxing)
 .debug_str     0x000000000013396c      0x3c9 ./Drivers/STM32U5xx_HAL_Driver/Src/stm32u5xx_hal_cortex.o
                                     0x130c4d (size before relaxing)
 .debug_str     0x0000000000133d35      0x327 ./Drivers/STM32U5xx_HAL_Driver/Src/stm32u5xx_hal_gpio.o
                                     0x13006c (size before relaxing)
 .debug_str     0x000000000013405c      0x83f ./Drivers/STM32U5xx_HAL_Driver/Src/stm32u5xx_hal_pwr_ex.o
                                     0x13076c (size before relaxing)
 .debug_str     0x000000000013489b     0x1301 ./Drivers/STM32U5xx_HAL_Driver/Src/stm32u5xx_hal_rcc.o
                                     0x13173c (size before relaxing)
 .debug_str     0x0000000000135b9c     0x25fa ./Drivers/STM32U5xx_HAL_Driver/Src/stm32u5xx_hal_rcc_ex.o
                                     0x132a2f (size before relaxing)
 .debug_str     0x0000000000138196      0x993 ./Drivers/STM32U5xx_HAL_Driver/Src/stm32u5xx_hal_uart.o
                                     0x130d0e (size before relaxing)
 .debug_str     0x0000000000138b29      0x33d ./Drivers/STM32U5xx_HAL_Driver/Src/stm32u5xx_hal_uart_ex.o
                                     0x1307c0 (size before relaxing)

.comment        0x0000000000000000       0x50
 .comment       0x0000000000000000       0x50 ./Core/Src/main.o
                                         0x51 (size before relaxing)
 .comment       0x0000000000000050       0x51 ./Core/Src/stm32u5xx_hal_msp.o
 .comment       0x0000000000000050       0x51 ./Core/Src/stm32u5xx_it.o
 .comment       0x0000000000000050       0x51 ./Core/Src/syscalls.o
 .comment       0x0000000000000050       0x51 ./Core/Src/sysmem.o
 .comment       0x0000000000000050       0x51 ./Core/Src/system_stm32u5xx.o
 .comment       0x0000000000000050       0x51 ./Drivers/STM32U5xx_HAL_Driver/Src/stm32u5xx_hal.o
 .comment       0x0000000000000050       0x51 ./Drivers/STM32U5xx_HAL_Driver/Src/stm32u5xx_hal_cortex.o
 .comment       0x0000000000000050       0x51 ./Drivers/STM32U5xx_HAL_Driver/Src/stm32u5xx_hal_gpio.o
 .comment       0x0000000000000050       0x51 ./Drivers/STM32U5xx_HAL_Driver/Src/stm32u5xx_hal_pwr_ex.o
 .comment       0x0000000000000050       0x51 ./Drivers/STM32U5xx_HAL_Driver/Src/stm32u5xx_hal_rcc.o
 .comment       0x0000000000000050       0x51 ./Drivers/STM32U5xx_HAL_Driver/Src/stm32u5xx_hal_rcc_ex.o
 .comment       0x0000000000000050       0x51 ./Drivers/STM32U5xx_HAL_Driver/Src/stm32u5xx_hal_uart.o
 .comment       0x0000000000000050       0x51 ./Drivers/STM32U5xx_HAL_Driver/Src/stm32u5xx_hal_uart_ex.o

.debug_frame    0x0000000000000000     0x3708
 .debug_frame   0x0000000000000000       0xf8 ./Core/Src/main.o
 .debug_frame   0x00000000000000f8       0x7c ./Core/Src/stm32u5xx_hal_msp.o
 .debug_frame   0x0000000000000174      0x104 ./Core/Src/stm32u5xx_it.o
 .debug_frame   0x0000000000000278      0x2ac ./Core/Src/syscalls.o
 .debug_frame   0x0000000000000524       0x34 ./Core/Src/sysmem.o
 .debug_frame   0x0000000000000558       0x58 ./Core/Src/system_stm32u5xx.o
 .debug_frame   0x00000000000005b0      0x4c0 ./Drivers/STM32U5xx_HAL_Driver/Src/stm32u5xx_hal.o
 .debug_frame   0x0000000000000a70      0x508 ./Drivers/STM32U5xx_HAL_Driver/Src/stm32u5xx_hal_cortex.o
 .debug_frame   0x0000000000000f78      0x1ec ./Drivers/STM32U5xx_HAL_Driver/Src/stm32u5xx_hal_gpio.o
 .debug_frame   0x0000000000001164      0x84c ./Drivers/STM32U5xx_HAL_Driver/Src/stm32u5xx_hal_pwr_ex.o
 .debug_frame   0x00000000000019b0      0x28c ./Drivers/STM32U5xx_HAL_Driver/Src/stm32u5xx_hal_rcc.o
 .debug_frame   0x0000000000001c3c      0x5f0 ./Drivers/STM32U5xx_HAL_Driver/Src/stm32u5xx_hal_rcc_ex.o
 .debug_frame   0x000000000000222c      0xa84 ./Drivers/STM32U5xx_HAL_Driver/Src/stm32u5xx_hal_uart.o
 .debug_frame   0x0000000000002cb0      0x310 ./Drivers/STM32U5xx_HAL_Driver/Src/stm32u5xx_hal_uart_ex.o
 .debug_frame   0x0000000000002fc0       0x20 c:/st/stm32cubeide_1.10.1/stm32cubeide/plugins/com.st.stm32cube.ide.mcu.externaltools.gnu-tools-for-stm32.10.3-2021.10.win32_1.0.200.202301161003/tools/bin/../lib/gcc/arm-none-eabi/10.3.1/../../../../arm-none-eabi/lib/thumb/v8-m.main+fp/hard\libc_nano.a(lib_a-errno.o)
 .debug_frame   0x0000000000002fe0       0x2c c:/st/stm32cubeide_1.10.1/stm32cubeide/plugins/com.st.stm32cube.ide.mcu.externaltools.gnu-tools-for-stm32.10.3-2021.10.win32_1.0.200.202301161003/tools/bin/../lib/gcc/arm-none-eabi/10.3.1/../../../../arm-none-eabi/lib/thumb/v8-m.main+fp/hard\libc_nano.a(lib_a-init.o)
 .debug_frame   0x000000000000300c       0x20 c:/st/stm32cubeide_1.10.1/stm32cubeide/plugins/com.st.stm32cube.ide.mcu.externaltools.gnu-tools-for-stm32.10.3-2021.10.win32_1.0.200.202301161003/tools/bin/../lib/gcc/arm-none-eabi/10.3.1/../../../../arm-none-eabi/lib/thumb/v8-m.main+fp/hard\libc_nano.a(lib_a-memset.o)
 .debug_frame   0x000000000000302c       0x3c c:/st/stm32cubeide_1.10.1/stm32cubeide/plugins/com.st.stm32cube.ide.mcu.externaltools.gnu-tools-for-stm32.10.3-2021.10.win32_1.0.200.202301161003/tools/bin/../lib/gcc/arm-none-eabi/10.3.1/../../../../arm-none-eabi/lib/thumb/v8-m.main+fp/hard\libc_nano.a(lib_a-puts.o)
 .debug_frame   0x0000000000003068       0x40 c:/st/stm32cubeide_1.10.1/stm32cubeide/plugins/com.st.stm32cube.ide.mcu.externaltools.gnu-tools-for-stm32.10.3-2021.10.win32_1.0.200.202301161003/tools/bin/../lib/gcc/arm-none-eabi/10.3.1/../../../../arm-none-eabi/lib/thumb/v8-m.main+fp/hard\libc_nano.a(lib_a-wbuf.o)
 .debug_frame   0x00000000000030a8       0x2c c:/st/stm32cubeide_1.10.1/stm32cubeide/plugins/com.st.stm32cube.ide.mcu.externaltools.gnu-tools-for-stm32.10.3-2021.10.win32_1.0.200.202301161003/tools/bin/../lib/gcc/arm-none-eabi/10.3.1/../../../../arm-none-eabi/lib/thumb/v8-m.main+fp/hard\libc_nano.a(lib_a-wsetup.o)
 .debug_frame   0x00000000000030d4       0x5c c:/st/stm32cubeide_1.10.1/stm32cubeide/plugins/com.st.stm32cube.ide.mcu.externaltools.gnu-tools-for-stm32.10.3-2021.10.win32_1.0.200.202301161003/tools/bin/../lib/gcc/arm-none-eabi/10.3.1/../../../../arm-none-eabi/lib/thumb/v8-m.main+fp/hard\libc_nano.a(lib_a-fflush.o)
 .debug_frame   0x0000000000003130      0x14c c:/st/stm32cubeide_1.10.1/stm32cubeide/plugins/com.st.stm32cube.ide.mcu.externaltools.gnu-tools-for-stm32.10.3-2021.10.win32_1.0.200.202301161003/tools/bin/../lib/gcc/arm-none-eabi/10.3.1/../../../../arm-none-eabi/lib/thumb/v8-m.main+fp/hard\libc_nano.a(lib_a-findfp.o)
 .debug_frame   0x000000000000327c       0x54 c:/st/stm32cubeide_1.10.1/stm32cubeide/plugins/com.st.stm32cube.ide.mcu.externaltools.gnu-tools-for-stm32.10.3-2021.10.win32_1.0.200.202301161003/tools/bin/../lib/gcc/arm-none-eabi/10.3.1/../../../../arm-none-eabi/lib/thumb/v8-m.main+fp/hard\libc_nano.a(lib_a-fwalk.o)
 .debug_frame   0x00000000000032d0       0xb0 c:/st/stm32cubeide_1.10.1/stm32cubeide/plugins/com.st.stm32cube.ide.mcu.externaltools.gnu-tools-for-stm32.10.3-2021.10.win32_1.0.200.202301161003/tools/bin/../lib/gcc/arm-none-eabi/10.3.1/../../../../arm-none-eabi/lib/thumb/v8-m.main+fp/hard\libc_nano.a(lib_a-lock.o)
 .debug_frame   0x0000000000003380       0x58 c:/st/stm32cubeide_1.10.1/stm32cubeide/plugins/com.st.stm32cube.ide.mcu.externaltools.gnu-tools-for-stm32.10.3-2021.10.win32_1.0.200.202301161003/tools/bin/../lib/gcc/arm-none-eabi/10.3.1/../../../../arm-none-eabi/lib/thumb/v8-m.main+fp/hard\libc_nano.a(lib_a-makebuf.o)
 .debug_frame   0x00000000000033d8       0x38 c:/st/stm32cubeide_1.10.1/stm32cubeide/plugins/com.st.stm32cube.ide.mcu.externaltools.gnu-tools-for-stm32.10.3-2021.10.win32_1.0.200.202301161003/tools/bin/../lib/gcc/arm-none-eabi/10.3.1/../../../../arm-none-eabi/lib/thumb/v8-m.main+fp/hard\libc_nano.a(lib_a-nano-freer.o)
 .debug_frame   0x0000000000003410       0x4c c:/st/stm32cubeide_1.10.1/stm32cubeide/plugins/com.st.stm32cube.ide.mcu.externaltools.gnu-tools-for-stm32.10.3-2021.10.win32_1.0.200.202301161003/tools/bin/../lib/gcc/arm-none-eabi/10.3.1/../../../../arm-none-eabi/lib/thumb/v8-m.main+fp/hard\libc_nano.a(lib_a-nano-mallocr.o)
 .debug_frame   0x000000000000345c       0x2c c:/st/stm32cubeide_1.10.1/stm32cubeide/plugins/com.st.stm32cube.ide.mcu.externaltools.gnu-tools-for-stm32.10.3-2021.10.win32_1.0.200.202301161003/tools/bin/../lib/gcc/arm-none-eabi/10.3.1/../../../../arm-none-eabi/lib/thumb/v8-m.main+fp/hard\libc_nano.a(lib_a-sbrkr.o)
 .debug_frame   0x0000000000003488       0x88 c:/st/stm32cubeide_1.10.1/stm32cubeide/plugins/com.st.stm32cube.ide.mcu.externaltools.gnu-tools-for-stm32.10.3-2021.10.win32_1.0.200.202301161003/tools/bin/../lib/gcc/arm-none-eabi/10.3.1/../../../../arm-none-eabi/lib/thumb/v8-m.main+fp/hard\libc_nano.a(lib_a-stdio.o)
 .debug_frame   0x0000000000003510       0x2c c:/st/stm32cubeide_1.10.1/stm32cubeide/plugins/com.st.stm32cube.ide.mcu.externaltools.gnu-tools-for-stm32.10.3-2021.10.win32_1.0.200.202301161003/tools/bin/../lib/gcc/arm-none-eabi/10.3.1/../../../../arm-none-eabi/lib/thumb/v8-m.main+fp/hard\libc_nano.a(lib_a-writer.o)
 .debug_frame   0x000000000000353c       0x2c c:/st/stm32cubeide_1.10.1/stm32cubeide/plugins/com.st.stm32cube.ide.mcu.externaltools.gnu-tools-for-stm32.10.3-2021.10.win32_1.0.200.202301161003/tools/bin/../lib/gcc/arm-none-eabi/10.3.1/../../../../arm-none-eabi/lib/thumb/v8-m.main+fp/hard\libc_nano.a(lib_a-closer.o)
 .debug_frame   0x0000000000003568       0x2c c:/st/stm32cubeide_1.10.1/stm32cubeide/plugins/com.st.stm32cube.ide.mcu.externaltools.gnu-tools-for-stm32.10.3-2021.10.win32_1.0.200.202301161003/tools/bin/../lib/gcc/arm-none-eabi/10.3.1/../../../../arm-none-eabi/lib/thumb/v8-m.main+fp/hard\libc_nano.a(lib_a-fstatr.o)
 .debug_frame   0x0000000000003594       0x2c c:/st/stm32cubeide_1.10.1/stm32cubeide/plugins/com.st.stm32cube.ide.mcu.externaltools.gnu-tools-for-stm32.10.3-2021.10.win32_1.0.200.202301161003/tools/bin/../lib/gcc/arm-none-eabi/10.3.1/../../../../arm-none-eabi/lib/thumb/v8-m.main+fp/hard\libc_nano.a(lib_a-isattyr.o)
 .debug_frame   0x00000000000035c0       0x2c c:/st/stm32cubeide_1.10.1/stm32cubeide/plugins/com.st.stm32cube.ide.mcu.externaltools.gnu-tools-for-stm32.10.3-2021.10.win32_1.0.200.202301161003/tools/bin/../lib/gcc/arm-none-eabi/10.3.1/../../../../arm-none-eabi/lib/thumb/v8-m.main+fp/hard\libc_nano.a(lib_a-lseekr.o)
 .debug_frame   0x00000000000035ec       0x30 c:/st/stm32cubeide_1.10.1/stm32cubeide/plugins/com.st.stm32cube.ide.mcu.externaltools.gnu-tools-for-stm32.10.3-2021.10.win32_1.0.200.202301161003/tools/bin/../lib/gcc/arm-none-eabi/10.3.1/../../../../arm-none-eabi/lib/thumb/v8-m.main+fp/hard\libc_nano.a(lib_a-mlock.o)